08:57:29 **** Build of configuration Debug for project lab3 ****
make -j12 all 
arm-none-eabi-gcc "../Drivers/STM32F1xx_HAL_Driver/Src/stm32f1xx_hal.c" -mcpu=cortex-m3 -std=gnu11 -g3 -DDEBUG -DUSE_HAL_DRIVER -DSTM32F103x6 -c -I../Core/Inc -I../Drivers/STM32F1xx_HAL_Driver/Inc -I../Drivers/STM32F1xx_HAL_Driver/Inc/Legacy -I../Drivers/CMSIS/Device/ST/STM32F1xx/Include -I../Drivers/CMSIS/Include -O0 -ffunction-sections -fdata-sections -Wall -fstack-usage -MMD -MP -MF"Drivers/STM32F1xx_HAL_Driver/Src/stm32f1xx_hal.d" -MT"Drivers/STM32F1xx_HAL_Driver/Src/stm32f1xx_hal.o" --specs=nano.specs -mfloat-abi=soft -mthumb -o "Drivers/STM32F1xx_HAL_Driver/Src/stm32f1xx_hal.o"
arm-none-eabi-gcc "../Drivers/STM32F1xx_HAL_Driver/Src/stm32f1xx_hal_cortex.c" -mcpu=cortex-m3 -std=gnu11 -g3 -DDEBUG -DUSE_HAL_DRIVER -DSTM32F103x6 -c -I../Core/Inc -I../Drivers/STM32F1xx_HAL_Driver/Inc -I../Drivers/STM32F1xx_HAL_Driver/Inc/Legacy -I../Drivers/CMSIS/Device/ST/STM32F1xx/Include -I../Drivers/CMSIS/Include -O0 -ffunction-sections -fdata-sections -Wall -fstack-usage -MMD -MP -MF"Drivers/STM32F1xx_HAL_Driver/Src/stm32f1xx_hal_cortex.d" -MT"Drivers/STM32F1xx_HAL_Driver/Src/stm32f1xx_hal_cortex.o" --specs=nano.specs -mfloat-abi=soft -mthumb -o "Drivers/STM32F1xx_HAL_Driver/Src/stm32f1xx_hal_cortex.o"
arm-none-eabi-gcc "../Drivers/STM32F1xx_HAL_Driver/Src/stm32f1xx_hal_dma.c" -mcpu=cortex-m3 -std=gnu11 -g3 -DDEBUG -DUSE_HAL_DRIVER -DSTM32F103x6 -c -I../Core/Inc -I../Drivers/STM32F1xx_HAL_Driver/Inc -I../Drivers/STM32F1xx_HAL_Driver/Inc/Legacy -I../Drivers/CMSIS/Device/ST/STM32F1xx/Include -I../Drivers/CMSIS/Include -O0 -ffunction-sections -fdata-sections -Wall -fstack-usage -MMD -MP -MF"Drivers/STM32F1xx_HAL_Driver/Src/stm32f1xx_hal_dma.d" -MT"Drivers/STM32F1xx_HAL_Driver/Src/stm32f1xx_hal_dma.o" --specs=nano.specs -mfloat-abi=soft -mthumb -o "Drivers/STM32F1xx_HAL_Driver/Src/stm32f1xx_hal_dma.o"
arm-none-eabi-gcc "../Drivers/STM32F1xx_HAL_Driver/Src/stm32f1xx_hal_exti.c" -mcpu=cortex-m3 -std=gnu11 -g3 -DDEBUG -DUSE_HAL_DRIVER -DSTM32F103x6 -c -I../Core/Inc -I../Drivers/STM32F1xx_HAL_Driver/Inc -I../Drivers/STM32F1xx_HAL_Driver/Inc/Legacy -I../Drivers/CMSIS/Device/ST/STM32F1xx/Include -I../Drivers/CMSIS/Include -O0 -ffunction-sections -fdata-sections -Wall -fstack-usage -MMD -MP -MF"Drivers/STM32F1xx_HAL_Driver/Src/stm32f1xx_hal_exti.d" -MT"Drivers/STM32F1xx_HAL_Driver/Src/stm32f1xx_hal_exti.o" --specs=nano.specs -mfloat-abi=soft -mthumb -o "Drivers/STM32F1xx_HAL_Driver/Src/stm32f1xx_hal_exti.o"
arm-none-eabi-gcc "../Drivers/STM32F1xx_HAL_Driver/Src/stm32f1xx_hal_flash.c" -mcpu=cortex-m3 -std=gnu11 -g3 -DDEBUG -DUSE_HAL_DRIVER -DSTM32F103x6 -c -I../Core/Inc -I../Drivers/STM32F1xx_HAL_Driver/Inc -I../Drivers/STM32F1xx_HAL_Driver/Inc/Legacy -I../Drivers/CMSIS/Device/ST/STM32F1xx/Include -I../Drivers/CMSIS/Include -O0 -ffunction-sections -fdata-sections -Wall -fstack-usage -MMD -MP -MF"Drivers/STM32F1xx_HAL_Driver/Src/stm32f1xx_hal_flash.d" -MT"Drivers/STM32F1xx_HAL_Driver/Src/stm32f1xx_hal_flash.o" --specs=nano.specs -mfloat-abi=soft -mthumb -o "Drivers/STM32F1xx_HAL_Driver/Src/stm32f1xx_hal_flash.o"
arm-none-eabi-gcc "../Drivers/STM32F1xx_HAL_Driver/Src/stm32f1xx_hal_flash_ex.c" -mcpu=cortex-m3 -std=gnu11 -g3 -DDEBUG -DUSE_HAL_DRIVER -DSTM32F103x6 -c -I../Core/Inc -I../Drivers/STM32F1xx_HAL_Driver/Inc -I../Drivers/STM32F1xx_HAL_Driver/Inc/Legacy -I../Drivers/CMSIS/Device/ST/STM32F1xx/Include -I../Drivers/CMSIS/Include -O0 -ffunction-sections -fdata-sections -Wall -fstack-usage -MMD -MP -MF"Drivers/STM32F1xx_HAL_Driver/Src/stm32f1xx_hal_flash_ex.d" -MT"Drivers/STM32F1xx_HAL_Driver/Src/stm32f1xx_hal_flash_ex.o" --specs=nano.specs -mfloat-abi=soft -mthumb -o "Drivers/STM32F1xx_HAL_Driver/Src/stm32f1xx_hal_flash_ex.o"
arm-none-eabi-gcc "../Drivers/STM32F1xx_HAL_Driver/Src/stm32f1xx_hal_gpio.c" -mcpu=cortex-m3 -std=gnu11 -g3 -DDEBUG -DUSE_HAL_DRIVER -DSTM32F103x6 -c -I../Core/Inc -I../Drivers/STM32F1xx_HAL_Driver/Inc -I../Drivers/STM32F1xx_HAL_Driver/Inc/Legacy -I../Drivers/CMSIS/Device/ST/STM32F1xx/Include -I../Drivers/CMSIS/Include -O0 -ffunction-sections -fdata-sections -Wall -fstack-usage -MMD -MP -MF"Drivers/STM32F1xx_HAL_Driver/Src/stm32f1xx_hal_gpio.d" -MT"Drivers/STM32F1xx_HAL_Driver/Src/stm32f1xx_hal_gpio.o" --specs=nano.specs -mfloat-abi=soft -mthumb -o "Drivers/STM32F1xx_HAL_Driver/Src/stm32f1xx_hal_gpio.o"
arm-none-eabi-gcc "../Drivers/STM32F1xx_HAL_Driver/Src/stm32f1xx_hal_gpio_ex.c" -mcpu=cortex-m3 -std=gnu11 -g3 -DDEBUG -DUSE_HAL_DRIVER -DSTM32F103x6 -c -I../Core/Inc -I../Drivers/STM32F1xx_HAL_Driver/Inc -I../Drivers/STM32F1xx_HAL_Driver/Inc/Legacy -I../Drivers/CMSIS/Device/ST/STM32F1xx/Include -I../Drivers/CMSIS/Include -O0 -ffunction-sections -fdata-sections -Wall -fstack-usage -MMD -MP -MF"Drivers/STM32F1xx_HAL_Driver/Src/stm32f1xx_hal_gpio_ex.d" -MT"Drivers/STM32F1xx_HAL_Driver/Src/stm32f1xx_hal_gpio_ex.o" --specs=nano.specs -mfloat-abi=soft -mthumb -o "Drivers/STM32F1xx_HAL_Driver/Src/stm32f1xx_hal_gpio_ex.o"
arm-none-eabi-gcc "../Drivers/STM32F1xx_HAL_Driver/Src/stm32f1xx_hal_pwr.c" -mcpu=cortex-m3 -std=gnu11 -g3 -DDEBUG -DUSE_HAL_DRIVER -DSTM32F103x6 -c -I../Core/Inc -I../Drivers/STM32F1xx_HAL_Driver/Inc -I../Drivers/STM32F1xx_HAL_Driver/Inc/Legacy -I../Drivers/CMSIS/Device/ST/STM32F1xx/Include -I../Drivers/CMSIS/Include -O0 -ffunction-sections -fdata-sections -Wall -fstack-usage -MMD -MP -MF"Drivers/STM32F1xx_HAL_Driver/Src/stm32f1xx_hal_pwr.d" -MT"Drivers/STM32F1xx_HAL_Driver/Src/stm32f1xx_hal_pwr.o" --specs=nano.specs -mfloat-abi=soft -mthumb -o "Drivers/STM32F1xx_HAL_Driver/Src/stm32f1xx_hal_pwr.o"
arm-none-eabi-gcc "../Drivers/STM32F1xx_HAL_Driver/Src/stm32f1xx_hal_rcc.c" -mcpu=cortex-m3 -std=gnu11 -g3 -DDEBUG -DUSE_HAL_DRIVER -DSTM32F103x6 -c -I../Core/Inc -I../Drivers/STM32F1xx_HAL_Driver/Inc -I../Drivers/STM32F1xx_HAL_Driver/Inc/Legacy -I../Drivers/CMSIS/Device/ST/STM32F1xx/Include -I../Drivers/CMSIS/Include -O0 -ffunction-sections -fdata-sections -Wall -fstack-usage -MMD -MP -MF"Drivers/STM32F1xx_HAL_Driver/Src/stm32f1xx_hal_rcc.d" -MT"Drivers/STM32F1xx_HAL_Driver/Src/stm32f1xx_hal_rcc.o" --specs=nano.specs -mfloat-abi=soft -mthumb -o "Drivers/STM32F1xx_HAL_Driver/Src/stm32f1xx_hal_rcc.o"
arm-none-eabi-gcc "../Drivers/STM32F1xx_HAL_Driver/Src/stm32f1xx_hal_rcc_ex.c" -mcpu=cortex-m3 -std=gnu11 -g3 -DDEBUG -DUSE_HAL_DRIVER -DSTM32F103x6 -c -I../Core/Inc -I../Drivers/STM32F1xx_HAL_Driver/Inc -I../Drivers/STM32F1xx_HAL_Driver/Inc/Legacy -I../Drivers/CMSIS/Device/ST/STM32F1xx/Include -I../Drivers/CMSIS/Include -O0 -ffunction-sections -fdata-sections -Wall -fstack-usage -MMD -MP -MF"Drivers/STM32F1xx_HAL_Driver/Src/stm32f1xx_hal_rcc_ex.d" -MT"Drivers/STM32F1xx_HAL_Driver/Src/stm32f1xx_hal_rcc_ex.o" --specs=nano.specs -mfloat-abi=soft -mthumb -o "Drivers/STM32F1xx_HAL_Driver/Src/stm32f1xx_hal_rcc_ex.o"
arm-none-eabi-gcc "../Drivers/STM32F1xx_HAL_Driver/Src/stm32f1xx_hal_tim.c" -mcpu=cortex-m3 -std=gnu11 -g3 -DDEBUG -DUSE_HAL_DRIVER -DSTM32F103x6 -c -I../Core/Inc -I../Drivers/STM32F1xx_HAL_Driver/Inc -I../Drivers/STM32F1xx_HAL_Driver/Inc/Legacy -I../Drivers/CMSIS/Device/ST/STM32F1xx/Include -I../Drivers/CMSIS/Include -O0 -ffunction-sections -fdata-sections -Wall -fstack-usage -MMD -MP -MF"Drivers/STM32F1xx_HAL_Driver/Src/stm32f1xx_hal_tim.d" -MT"Drivers/STM32F1xx_HAL_Driver/Src/stm32f1xx_hal_tim.o" --specs=nano.specs -mfloat-abi=soft -mthumb -o "Drivers/STM32F1xx_HAL_Driver/Src/stm32f1xx_hal_tim.o"
arm-none-eabi-gcc "../Drivers/STM32F1xx_HAL_Driver/Src/stm32f1xx_hal_tim_ex.c" -mcpu=cortex-m3 -std=gnu11 -g3 -DDEBUG -DUSE_HAL_DRIVER -DSTM32F103x6 -c -I../Core/Inc -I../Drivers/STM32F1xx_HAL_Driver/Inc -I../Drivers/STM32F1xx_HAL_Driver/Inc/Legacy -I../Drivers/CMSIS/Device/ST/STM32F1xx/Include -I../Drivers/CMSIS/Include -O0 -ffunction-sections -fdata-sections -Wall -fstack-usage -MMD -MP -MF"Drivers/STM32F1xx_HAL_Driver/Src/stm32f1xx_hal_tim_ex.d" -MT"Drivers/STM32F1xx_HAL_Driver/Src/stm32f1xx_hal_tim_ex.o" --specs=nano.specs -mfloat-abi=soft -mthumb -o "Drivers/STM32F1xx_HAL_Driver/Src/stm32f1xx_hal_tim_ex.o"
arm-none-eabi-gcc -mcpu=cortex-m3 -g3 -DDEBUG -c -x assembler-with-cpp -MMD -MP -MF"Core/Startup/startup_stm32f103c6ux.d" -MT"Core/Startup/startup_stm32f103c6ux.o" --specs=nano.specs -mfloat-abi=soft -mthumb -o "Core/Startup/startup_stm32f103c6ux.o" "../Core/Startup/startup_stm32f103c6ux.s"
arm-none-eabi-gcc "../Core/Src/input_processing.c" -mcpu=cortex-m3 -std=gnu11 -g3 -DDEBUG -DUSE_HAL_DRIVER -DSTM32F103x6 -c -I../Core/Inc -I../Drivers/STM32F1xx_HAL_Driver/Inc -I../Drivers/STM32F1xx_HAL_Driver/Inc/Legacy -I../Drivers/CMSIS/Device/ST/STM32F1xx/Include -I../Drivers/CMSIS/Include -O0 -ffunction-sections -fdata-sections -Wall -fstack-usage -MMD -MP -MF"Core/Src/input_processing.d" -MT"Core/Src/input_processing.o" --specs=nano.specs -mfloat-abi=soft -mthumb -o "Core/Src/input_processing.o"
arm-none-eabi-gcc "../Core/Src/input_reading.c" -mcpu=cortex-m3 -std=gnu11 -g3 -DDEBUG -DUSE_HAL_DRIVER -DSTM32F103x6 -c -I../Core/Inc -I../Drivers/STM32F1xx_HAL_Driver/Inc -I../Drivers/STM32F1xx_HAL_Driver/Inc/Legacy -I../Drivers/CMSIS/Device/ST/STM32F1xx/Include -I../Drivers/CMSIS/Include -O0 -ffunction-sections -fdata-sections -Wall -fstack-usage -MMD -MP -MF"Core/Src/input_reading.d" -MT"Core/Src/input_reading.o" --specs=nano.specs -mfloat-abi=soft -mthumb -o "Core/Src/input_reading.o"
arm-none-eabi-gcc "../Core/Src/main.c" -mcpu=cortex-m3 -std=gnu11 -g3 -DDEBUG -DUSE_HAL_DRIVER -DSTM32F103x6 -c -I../Core/Inc -I../Drivers/STM32F1xx_HAL_Driver/Inc -I../Drivers/STM32F1xx_HAL_Driver/Inc/Legacy -I../Drivers/CMSIS/Device/ST/STM32F1xx/Include -I../Drivers/CMSIS/Include -O0 -ffunction-sections -fdata-sections -Wall -fstack-usage -MMD -MP -MF"Core/Src/main.d" -MT"Core/Src/main.o" --specs=nano.specs -mfloat-abi=soft -mthumb -o "Core/Src/main.o"
arm-none-eabi-gcc "../Core/Src/stm32f1xx_hal_msp.c" -mcpu=cortex-m3 -std=gnu11 -g3 -DDEBUG -DUSE_HAL_DRIVER -DSTM32F103x6 -c -I../Core/Inc -I../Drivers/STM32F1xx_HAL_Driver/Inc -I../Drivers/STM32F1xx_HAL_Driver/Inc/Legacy -I../Drivers/CMSIS/Device/ST/STM32F1xx/Include -I../Drivers/CMSIS/Include -O0 -ffunction-sections -fdata-sections -Wall -fstack-usage -MMD -MP -MF"Core/Src/stm32f1xx_hal_msp.d" -MT"Core/Src/stm32f1xx_hal_msp.o" --specs=nano.specs -mfloat-abi=soft -mthumb -o "Core/Src/stm32f1xx_hal_msp.o"
arm-none-eabi-gcc "../Core/Src/stm32f1xx_it.c" -mcpu=cortex-m3 -std=gnu11 -g3 -DDEBUG -DUSE_HAL_DRIVER -DSTM32F103x6 -c -I../Core/Inc -I../Drivers/STM32F1xx_HAL_Driver/Inc -I../Drivers/STM32F1xx_HAL_Driver/Inc/Legacy -I../Drivers/CMSIS/Device/ST/STM32F1xx/Include -I../Drivers/CMSIS/Include -O0 -ffunction-sections -fdata-sections -Wall -fstack-usage -MMD -MP -MF"Core/Src/stm32f1xx_it.d" -MT"Core/Src/stm32f1xx_it.o" --specs=nano.specs -mfloat-abi=soft -mthumb -o "Core/Src/stm32f1xx_it.o"
arm-none-eabi-gcc "../Core/Src/syscalls.c" -mcpu=cortex-m3 -std=gnu11 -g3 -DDEBUG -DUSE_HAL_DRIVER -DSTM32F103x6 -c -I../Core/Inc -I../Drivers/STM32F1xx_HAL_Driver/Inc -I../Drivers/STM32F1xx_HAL_Driver/Inc/Legacy -I../Drivers/CMSIS/Device/ST/STM32F1xx/Include -I../Drivers/CMSIS/Include -O0 -ffunction-sections -fdata-sections -Wall -fstack-usage -MMD -MP -MF"Core/Src/syscalls.d" -MT"Core/Src/syscalls.o" --specs=nano.specs -mfloat-abi=soft -mthumb -o "Core/Src/syscalls.o"
arm-none-eabi-gcc "../Core/Src/sysmem.c" -mcpu=cortex-m3 -std=gnu11 -g3 -DDEBUG -DUSE_HAL_DRIVER -DSTM32F103x6 -c -I../Core/Inc -I../Drivers/STM32F1xx_HAL_Driver/Inc -I../Drivers/STM32F1xx_HAL_Driver/Inc/Legacy -I../Drivers/CMSIS/Device/ST/STM32F1xx/Include -I../Drivers/CMSIS/Include -O0 -ffunction-sections -fdata-sections -Wall -fstack-usage -MMD -MP -MF"Core/Src/sysmem.d" -MT"Core/Src/sysmem.o" --specs=nano.specs -mfloat-abi=soft -mthumb -o "Core/Src/sysmem.o"
arm-none-eabi-gcc "../Core/Src/system_stm32f1xx.c" -mcpu=cortex-m3 -std=gnu11 -g3 -DDEBUG -DUSE_HAL_DRIVER -DSTM32F103x6 -c -I../Core/Inc -I../Drivers/STM32F1xx_HAL_Driver/Inc -I../Drivers/STM32F1xx_HAL_Driver/Inc/Legacy -I../Drivers/CMSIS/Device/ST/STM32F1xx/Include -I../Drivers/CMSIS/Include -O0 -ffunction-sections -fdata-sections -Wall -fstack-usage -MMD -MP -MF"Core/Src/system_stm32f1xx.d" -MT"Core/Src/system_stm32f1xx.o" --specs=nano.specs -mfloat-abi=soft -mthumb -o "Core/Src/system_stm32f1xx.o"
arm-none-eabi-gcc "../Core/Src/timer.c" -mcpu=cortex-m3 -std=gnu11 -g3 -DDEBUG -DUSE_HAL_DRIVER -DSTM32F103x6 -c -I../Core/Inc -I../Drivers/STM32F1xx_HAL_Driver/Inc -I../Drivers/STM32F1xx_HAL_Driver/Inc/Legacy -I../Drivers/CMSIS/Device/ST/STM32F1xx/Include -I../Drivers/CMSIS/Include -O0 -ffunction-sections -fdata-sections -Wall -fstack-usage -MMD -MP -MF"Core/Src/timer.d" -MT"Core/Src/timer.o" --specs=nano.specs -mfloat-abi=soft -mthumb -o "Core/Src/timer.o"
../Core/Src/input_reading.c:16:37: error: 'N0_OF_BUTTONS' undeclared here (not in a function); did you mean 'NO_OF_BUTTONS'?
   16 | static GPIO_PinState buttonBuffer [ N0_OF_BUTTONS ];
      |                                     ^~~~~~~~~~~~~
      |                                     NO_OF_BUTTONS
../Core/Src/input_reading.c: In function 'button_reading':
../Core/Src/input_reading.c:27:47: error: 'BUTTON_1_GPIO_Port' undeclared (first use in this function)
   27 |   debounceButtonBuffer1[i] = HAL_GPIO_ReadPin(BUTTON_1_GPIO_Port, BUTTON_1_Pin);
      |                                               ^~~~~~~~~~~~~~~~~~
../Core/Src/input_reading.c:27:47: note: each undeclared identifier is reported only once for each function it appears in
../Core/Src/input_reading.c:27:67: error: 'BUTTON_1_Pin' undeclared (first use in this function)
   27 |   debounceButtonBuffer1[i] = HAL_GPIO_ReadPin(BUTTON_1_GPIO_Port, BUTTON_1_Pin);
      |                                                                   ^~~~~~~~~~~~
../Core/Src/input_reading.c:28:3: warning: this 'if' clause does not guard... [-Wmisleading-indentation]
   28 |   if(debounceButtonBuffer1[i] == debounceButtonBuffer2[i])
      |   ^~
../Core/Src/input_reading.c:30:4: note: ...this statement, but the latter is misleadingly indented as if it were guarded by the 'if'
   30 |    if(buttonBuffer[i] == BUTTON_IS_PRESSED)
      |    ^~
../Core/Src/input_reading.c: In function 'is_button_pressed':
../Core/Src/input_reading.c:54:1: warning: control reaches end of non-void function [-Wreturn-type]
   54 | }
      | ^
../Core/Src/input_reading.c: In function 'is_button_pressed_1s':
../Core/Src/input_reading.c:60:1: warning: control reaches end of non-void function [-Wreturn-type]
   60 | }
      | ^
At top level:
../Core/Src/input_reading.c:20:17: warning: 'counterForButtonPress1s' defined but not used [-Wunused-variable]
   20 | static uint16_t counterForButtonPress1s [ N0_OF_BUTTONS ];
      |                 ^~~~~~~~~~~~~~~~~~~~~~~
../Core/Src/input_reading.c:19:16: warning: 'flagForButtonPress1s' defined but not used [-Wunused-variable]
   19 | static uint8_t flagForButtonPress1s [ N0_OF_BUTTONS ];
      |                ^~~~~~~~~~~~~~~~~~~~
../Core/Src/input_reading.c:18:22: warning: 'debounceButtonBuffer2' defined but not used [-Wunused-variable]
   18 | static GPIO_PinState debounceButtonBuffer2 [ N0_OF_BUTTONS ];
      |                      ^~~~~~~~~~~~~~~~~~~~~
../Core/Src/input_reading.c:17:22: warning: 'debounceButtonBuffer1' defined but not used [-Wunused-variable]
   17 | static GPIO_PinState debounceButtonBuffer1 [ N0_OF_BUTTONS ];
      |                      ^~~~~~~~~~~~~~~~~~~~~
../Core/Src/input_reading.c:16:22: warning: 'buttonBuffer' defined but not used [-Wunused-variable]
   16 | static GPIO_PinState buttonBuffer [ N0_OF_BUTTONS ];
      |                      ^~~~~~~~~~~~
make: *** [Core/Src/subdir.mk:43: Core/Src/input_reading.o] Error 1
make: *** Waiting for unfinished jobs....
../Core/Src/timer.c: In function 'setTimer0':
../Core/Src/timer.c:13:28: error: 'TIMER_CYCLE' undeclared (first use in this function)
   13 |  timer0_counter = duration/TIMER_CYCLE;
      |                            ^~~~~~~~~~~
../Core/Src/timer.c:13:28: note: each undeclared identifier is reported only once for each function it appears in
make: *** [Core/Src/subdir.mk:43: Core/Src/timer.o] Error 1
"make -j12 all" terminated with exit code 2. Build might be incomplete.
08:59:12 **** Incremental Build of configuration Debug for project lab3 ****
make -j12 all 
arm-none-eabi-gcc "../Core/Src/input_reading.c" -mcpu=cortex-m3 -std=gnu11 -g3 -DDEBUG -DUSE_HAL_DRIVER -DSTM32F103x6 -c -I../Core/Inc -I../Drivers/STM32F1xx_HAL_Driver/Inc -I../Drivers/STM32F1xx_HAL_Driver/Inc/Legacy -I../Drivers/CMSIS/Device/ST/STM32F1xx/Include -I../Drivers/CMSIS/Include -O0 -ffunction-sections -fdata-sections -Wall -fstack-usage -MMD -MP -MF"Core/Src/input_reading.d" -MT"Core/Src/input_reading.o" --specs=nano.specs -mfloat-abi=soft -mthumb -o "Core/Src/input_reading.o"
arm-none-eabi-gcc "../Core/Src/timer.c" -mcpu=cortex-m3 -std=gnu11 -g3 -DDEBUG -DUSE_HAL_DRIVER -DSTM32F103x6 -c -I../Core/Inc -I../Drivers/STM32F1xx_HAL_Driver/Inc -I../Drivers/STM32F1xx_HAL_Driver/Inc/Legacy -I../Drivers/CMSIS/Device/ST/STM32F1xx/Include -I../Drivers/CMSIS/Include -O0 -ffunction-sections -fdata-sections -Wall -fstack-usage -MMD -MP -MF"Core/Src/timer.d" -MT"Core/Src/timer.o" --specs=nano.specs -mfloat-abi=soft -mthumb -o "Core/Src/timer.o"
../Core/Src/input_reading.c: In function 'button_reading':
../Core/Src/input_reading.c:26:24: warning: array subscript has type 'char' [-Wchar-subscripts]
   26 |   debounceButtonBuffer2[i] =debounceButtonBuffer1[i];
      |                        ^
../Core/Src/input_reading.c:26:50: warning: array subscript has type 'char' [-Wchar-subscripts]
   26 |   debounceButtonBuffer2[i] =debounceButtonBuffer1[i];
      |                                                  ^
../Core/Src/input_reading.c:27:24: warning: array subscript has type 'char' [-Wchar-subscripts]
   27 |   debounceButtonBuffer1[i] = HAL_GPIO_ReadPin(BUTTON_1_GPIO_Port, BUTTON_1_Pin);
      |                        ^
../Core/Src/input_reading.c:27:47: error: 'BUTTON_1_GPIO_Port' undeclared (first use in this function)
   27 |   debounceButtonBuffer1[i] = HAL_GPIO_ReadPin(BUTTON_1_GPIO_Port, BUTTON_1_Pin);
      |                                               ^~~~~~~~~~~~~~~~~~
../Core/Src/input_reading.c:27:47: note: each undeclared identifier is reported only once for each function it appears in
../Core/Src/timer.c: In function 'setTimer0':
../Core/Src/timer.c:13:28: error: 'TIMER_CYCLE' undeclared (first use in this function)
   13 |  timer0_counter = duration/TIMER_CYCLE;
      |                            ^~~~~~~~~~~
../Core/Src/timer.c:13:28: note: each undeclared identifier is reported only once for each function it appears in
../Core/Src/input_reading.c:27:67: error: 'BUTTON_1_Pin' undeclared (first use in this function)
   27 |   debounceButtonBuffer1[i] = HAL_GPIO_ReadPin(BUTTON_1_GPIO_Port, BUTTON_1_Pin);
      |                                                                   ^~~~~~~~~~~~
../Core/Src/input_reading.c:28:27: warning: array subscript has type 'char' [-Wchar-subscripts]
   28 |   if(debounceButtonBuffer1[i] == debounceButtonBuffer2[i])
      |                           ^
../Core/Src/input_reading.c:28:55: warning: array subscript has type 'char' [-Wchar-subscripts]
   28 |   if(debounceButtonBuffer1[i] == debounceButtonBuffer2[i])
      |                                                       ^
../Core/Src/input_reading.c:29:16: warning: array subscript has type 'char' [-Wchar-subscripts]
   29 |    buttonBuffer[i] = debounceButtonBuffer1[i];
      |                ^
../Core/Src/input_reading.c:29:43: warning: array subscript has type 'char' [-Wchar-subscripts]
   29 |    buttonBuffer[i] = debounceButtonBuffer1[i];
      |                                           ^
../Core/Src/input_reading.c:28:3: warning: this 'if' clause does not guard... [-Wmisleading-indentation]
   28 |   if(debounceButtonBuffer1[i] == debounceButtonBuffer2[i])
      |   ^~
../Core/Src/input_reading.c:30:4: note: ...this statement, but the latter is misleadingly indented as if it were guarded by the 'if'
   30 |    if(buttonBuffer[i] == BUTTON_IS_PRESSED)
      |    ^~
../Core/Src/input_reading.c:30:19: warning: array subscript has type 'char' [-Wchar-subscripts]
   30 |    if(buttonBuffer[i] == BUTTON_IS_PRESSED)
      |                   ^
../Core/Src/input_reading.c:32:31: warning: array subscript has type 'char' [-Wchar-subscripts]
   32 |     if(counterForButtonPress1s[i] < DURATION_FOR_AUTO_INCREASING)
      |                               ^
make: *** [Core/Src/subdir.mk:43: Core/Src/timer.o] Error 1
make: *** Waiting for unfinished jobs....
../Core/Src/input_reading.c:34:29: warning: array subscript has type 'char' [-Wchar-subscripts]
   34 |      counterForButtonPress1s[i]++;
      |                             ^
../Core/Src/input_reading.c:38:26: warning: array subscript has type 'char' [-Wchar-subscripts]
   38 |      flagForButtonPress1s[i] = 1;
      |                          ^
../Core/Src/input_reading.c:44:28: warning: array subscript has type 'char' [-Wchar-subscripts]
   44 |     counterForButtonPress1s[i] = 0;
      |                            ^
../Core/Src/input_reading.c:45:25: warning: array subscript has type 'char' [-Wchar-subscripts]
   45 |     flagForButtonPress1s[i] = 0;
      |                         ^
make: *** [Core/Src/subdir.mk:43: Core/Src/input_reading.o] Error 1
"make -j12 all" terminated with exit code 2. Build might be incomplete.
09:06:18 **** Incremental Build of configuration Debug for project lab3 ****
make -j12 all 
arm-none-eabi-gcc "../Core/Src/input_reading.c" -mcpu=cortex-m3 -std=gnu11 -g3 -DDEBUG -DUSE_HAL_DRIVER -DSTM32F103x6 -c -I../Core/Inc -I../Drivers/STM32F1xx_HAL_Driver/Inc -I../Drivers/STM32F1xx_HAL_Driver/Inc/Legacy -I../Drivers/CMSIS/Device/ST/STM32F1xx/Include -I../Drivers/CMSIS/Include -O0 -ffunction-sections -fdata-sections -Wall -fstack-usage -MMD -MP -MF"Core/Src/input_reading.d" -MT"Core/Src/input_reading.o" --specs=nano.specs -mfloat-abi=soft -mthumb -o "Core/Src/input_reading.o"
arm-none-eabi-gcc "../Core/Src/timer.c" -mcpu=cortex-m3 -std=gnu11 -g3 -DDEBUG -DUSE_HAL_DRIVER -DSTM32F103x6 -c -I../Core/Inc -I../Drivers/STM32F1xx_HAL_Driver/Inc -I../Drivers/STM32F1xx_HAL_Driver/Inc/Legacy -I../Drivers/CMSIS/Device/ST/STM32F1xx/Include -I../Drivers/CMSIS/Include -O0 -ffunction-sections -fdata-sections -Wall -fstack-usage -MMD -MP -MF"Core/Src/timer.d" -MT"Core/Src/timer.o" --specs=nano.specs -mfloat-abi=soft -mthumb -o "Core/Src/timer.o"
../Core/Src/input_reading.c: In function 'button_reading':
../Core/Src/input_reading.c:26:24: warning: array subscript has type 'char' [-Wchar-subscripts]
   26 |   debounceButtonBuffer2[i] =debounceButtonBuffer1[i];
      |                        ^
../Core/Src/input_reading.c:26:50: warning: array subscript has type 'char' [-Wchar-subscripts]
   26 |   debounceButtonBuffer2[i] =debounceButtonBuffer1[i];
      |                                                  ^
../Core/Src/input_reading.c:27:24: warning: array subscript has type 'char' [-Wchar-subscripts]
   27 |   debounceButtonBuffer1[i] = HAL_GPIO_ReadPin(BUTTON_1_GPIO_Port, BUTTON_1_Pin);
      |                        ^
../Core/Src/input_reading.c:27:47: error: 'BUTTON_1_GPIO_Port' undeclared (first use in this function)
   27 |   debounceButtonBuffer1[i] = HAL_GPIO_ReadPin(BUTTON_1_GPIO_Port, BUTTON_1_Pin);
      |                                               ^~~~~~~~~~~~~~~~~~
../Core/Src/input_reading.c:27:47: note: each undeclared identifier is reported only once for each function it appears in
../Core/Src/timer.c: In function 'setTimer0':
../Core/Src/timer.c:13:28: error: 'TIMER_CYCLE' undeclared (first use in this function)
   13 |  timer0_counter = duration/TIMER_CYCLE;
      |                            ^~~~~~~~~~~
../Core/Src/timer.c:13:28: note: each undeclared identifier is reported only once for each function it appears in
../Core/Src/input_reading.c:27:67: error: 'BUTTON_1_Pin' undeclared (first use in this function)
   27 |   debounceButtonBuffer1[i] = HAL_GPIO_ReadPin(BUTTON_1_GPIO_Port, BUTTON_1_Pin);
      |                                                                   ^~~~~~~~~~~~
../Core/Src/input_reading.c:28:27: warning: array subscript has type 'char' [-Wchar-subscripts]
   28 |   if(debounceButtonBuffer1[i] == debounceButtonBuffer2[i])
      |                           ^
../Core/Src/input_reading.c:28:55: warning: array subscript has type 'char' [-Wchar-subscripts]
   28 |   if(debounceButtonBuffer1[i] == debounceButtonBuffer2[i])
      |                                                       ^
../Core/Src/input_reading.c:29:16: warning: array subscript has type 'char' [-Wchar-subscripts]
   29 |    buttonBuffer[i] = debounceButtonBuffer1[i];
      |                ^
../Core/Src/input_reading.c:29:43: warning: array subscript has type 'char' [-Wchar-subscripts]
   29 |    buttonBuffer[i] = debounceButtonBuffer1[i];
      |                                           ^
../Core/Src/input_reading.c:28:3: warning: this 'if' clause does not guard... [-Wmisleading-indentation]
   28 |   if(debounceButtonBuffer1[i] == debounceButtonBuffer2[i])
      |   ^~
../Core/Src/input_reading.c:30:4: note: ...this statement, but the latter is misleadingly indented as if it were guarded by the 'if'
   30 |    if(buttonBuffer[i] == BUTTON_IS_PRESSED)
      |    ^~
../Core/Src/input_reading.c:30:19: warning: array subscript has type 'char' [-Wchar-subscripts]
   30 |    if(buttonBuffer[i] == BUTTON_IS_PRESSED)
      |                   ^
../Core/Src/input_reading.c:32:31: warning: array subscript has type 'char' [-Wchar-subscripts]
   32 |     if(counterForButtonPress1s[i] < DURATION_FOR_AUTO_INCREASING)
      |                               ^
../Core/Src/input_reading.c:34:29: warning: array subscript has type 'char' [-Wchar-subscripts]
   34 |      counterForButtonPress1s[i]++;
      |                             ^
../Core/Src/input_reading.c:38:26: warning: array subscript has type 'char' [-Wchar-subscripts]
   38 |      flagForButtonPress1s[i] = 1;
      |                          ^
../Core/Src/input_reading.c:44:28: warning: array subscript has type 'char' [-Wchar-subscripts]
   44 |     counterForButtonPress1s[i] = 0;
      |                            ^
../Core/Src/input_reading.c:45:25: warning: array subscript has type 'char' [-Wchar-subscripts]
   45 |     flagForButtonPress1s[i] = 0;
      |                         ^
make: *** [Core/Src/subdir.mk:43: Core/Src/timer.o] Error 1
make: *** Waiting for unfinished jobs....
make: *** [Core/Src/subdir.mk:43: Core/Src/input_reading.o] Error 1
"make -j12 all" terminated with exit code 2. Build might be incomplete.
09:07:42 **** Incremental Build of configuration Debug for project lab3 ****
make -j12 all 
arm-none-eabi-gcc "../Core/Src/input_processing.c" -mcpu=cortex-m3 -std=gnu11 -g3 -DDEBUG -DUSE_HAL_DRIVER -DSTM32F103x6 -c -I../Core/Inc -I../Drivers/STM32F1xx_HAL_Driver/Inc -I../Drivers/STM32F1xx_HAL_Driver/Inc/Legacy -I../Drivers/CMSIS/Device/ST/STM32F1xx/Include -I../Drivers/CMSIS/Include -O0 -ffunction-sections -fdata-sections -Wall -fstack-usage -MMD -MP -MF"Core/Src/input_processing.d" -MT"Core/Src/input_processing.o" --specs=nano.specs -mfloat-abi=soft -mthumb -o "Core/Src/input_processing.o"
arm-none-eabi-gcc "../Core/Src/input_reading.c" -mcpu=cortex-m3 -std=gnu11 -g3 -DDEBUG -DUSE_HAL_DRIVER -DSTM32F103x6 -c -I../Core/Inc -I../Drivers/STM32F1xx_HAL_Driver/Inc -I../Drivers/STM32F1xx_HAL_Driver/Inc/Legacy -I../Drivers/CMSIS/Device/ST/STM32F1xx/Include -I../Drivers/CMSIS/Include -O0 -ffunction-sections -fdata-sections -Wall -fstack-usage -MMD -MP -MF"Core/Src/input_reading.d" -MT"Core/Src/input_reading.o" --specs=nano.specs -mfloat-abi=soft -mthumb -o "Core/Src/input_reading.o"
arm-none-eabi-gcc "../Core/Src/main.c" -mcpu=cortex-m3 -std=gnu11 -g3 -DDEBUG -DUSE_HAL_DRIVER -DSTM32F103x6 -c -I../Core/Inc -I../Drivers/STM32F1xx_HAL_Driver/Inc -I../Drivers/STM32F1xx_HAL_Driver/Inc/Legacy -I../Drivers/CMSIS/Device/ST/STM32F1xx/Include -I../Drivers/CMSIS/Include -O0 -ffunction-sections -fdata-sections -Wall -fstack-usage -MMD -MP -MF"Core/Src/main.d" -MT"Core/Src/main.o" --specs=nano.specs -mfloat-abi=soft -mthumb -o "Core/Src/main.o"
arm-none-eabi-gcc "../Core/Src/stm32f1xx_hal_msp.c" -mcpu=cortex-m3 -std=gnu11 -g3 -DDEBUG -DUSE_HAL_DRIVER -DSTM32F103x6 -c -I../Core/Inc -I../Drivers/STM32F1xx_HAL_Driver/Inc -I../Drivers/STM32F1xx_HAL_Driver/Inc/Legacy -I../Drivers/CMSIS/Device/ST/STM32F1xx/Include -I../Drivers/CMSIS/Include -O0 -ffunction-sections -fdata-sections -Wall -fstack-usage -MMD -MP -MF"Core/Src/stm32f1xx_hal_msp.d" -MT"Core/Src/stm32f1xx_hal_msp.o" --specs=nano.specs -mfloat-abi=soft -mthumb -o "Core/Src/stm32f1xx_hal_msp.o"
arm-none-eabi-gcc "../Core/Src/stm32f1xx_it.c" -mcpu=cortex-m3 -std=gnu11 -g3 -DDEBUG -DUSE_HAL_DRIVER -DSTM32F103x6 -c -I../Core/Inc -I../Drivers/STM32F1xx_HAL_Driver/Inc -I../Drivers/STM32F1xx_HAL_Driver/Inc/Legacy -I../Drivers/CMSIS/Device/ST/STM32F1xx/Include -I../Drivers/CMSIS/Include -O0 -ffunction-sections -fdata-sections -Wall -fstack-usage -MMD -MP -MF"Core/Src/stm32f1xx_it.d" -MT"Core/Src/stm32f1xx_it.o" --specs=nano.specs -mfloat-abi=soft -mthumb -o "Core/Src/stm32f1xx_it.o"
arm-none-eabi-gcc "../Core/Src/timer.c" -mcpu=cortex-m3 -std=gnu11 -g3 -DDEBUG -DUSE_HAL_DRIVER -DSTM32F103x6 -c -I../Core/Inc -I../Drivers/STM32F1xx_HAL_Driver/Inc -I../Drivers/STM32F1xx_HAL_Driver/Inc/Legacy -I../Drivers/CMSIS/Device/ST/STM32F1xx/Include -I../Drivers/CMSIS/Include -O0 -ffunction-sections -fdata-sections -Wall -fstack-usage -MMD -MP -MF"Core/Src/timer.d" -MT"Core/Src/timer.o" --specs=nano.specs -mfloat-abi=soft -mthumb -o "Core/Src/timer.o"
../Core/Src/input_reading.c: In function 'button_reading':
../Core/Src/input_reading.c:26:24: warning: array subscript has type 'char' [-Wchar-subscripts]
   26 |   debounceButtonBuffer2[i] =debounceButtonBuffer1[i];
      |                        ^
../Core/Src/input_reading.c:26:50: warning: array subscript has type 'char' [-Wchar-subscripts]
   26 |   debounceButtonBuffer2[i] =debounceButtonBuffer1[i];
      |                                                  ^
../Core/Src/input_reading.c:27:24: warning: array subscript has type 'char' [-Wchar-subscripts]
   27 |   debounceButtonBuffer1[i] = HAL_GPIO_ReadPin(BUTTON_1_GPIO_Port, BUTTON_1_Pin);
      |                        ^
../Core/Src/input_reading.c:27:47: error: 'BUTTON_1_GPIO_Port' undeclared (first use in this function)
   27 |   debounceButtonBuffer1[i] = HAL_GPIO_ReadPin(BUTTON_1_GPIO_Port, BUTTON_1_Pin);
      |                                               ^~~~~~~~~~~~~~~~~~
../Core/Src/input_reading.c:27:47: note: each undeclared identifier is reported only once for each function it appears in
../Core/Src/input_reading.c:27:67: error: 'BUTTON_1_Pin' undeclared (first use in this function)
   27 |   debounceButtonBuffer1[i] = HAL_GPIO_ReadPin(BUTTON_1_GPIO_Port, BUTTON_1_Pin);
      |                                                                   ^~~~~~~~~~~~
../Core/Src/input_reading.c:28:27: warning: array subscript has type 'char' [-Wchar-subscripts]
   28 |   if(debounceButtonBuffer1[i] == debounceButtonBuffer2[i])
      |                           ^
../Core/Src/input_reading.c:28:55: warning: array subscript has type 'char' [-Wchar-subscripts]
   28 |   if(debounceButtonBuffer1[i] == debounceButtonBuffer2[i])
      |                                                       ^
../Core/Src/input_reading.c:29:16: warning: array subscript has type 'char' [-Wchar-subscripts]
   29 |    buttonBuffer[i] = debounceButtonBuffer1[i];
      |                ^
../Core/Src/input_reading.c:29:43: warning: array subscript has type 'char' [-Wchar-subscripts]
   29 |    buttonBuffer[i] = debounceButtonBuffer1[i];
      |                                           ^
../Core/Src/input_reading.c:28:3: warning: this 'if' clause does not guard... [-Wmisleading-indentation]
   28 |   if(debounceButtonBuffer1[i] == debounceButtonBuffer2[i])
      |   ^~
../Core/Src/input_reading.c:30:4: note: ...this statement, but the latter is misleadingly indented as if it were guarded by the 'if'
   30 |    if(buttonBuffer[i] == BUTTON_IS_PRESSED)
      |    ^~
../Core/Src/input_reading.c:30:19: warning: array subscript has type 'char' [-Wchar-subscripts]
   30 |    if(buttonBuffer[i] == BUTTON_IS_PRESSED)
      |                   ^
../Core/Src/input_reading.c:32:31: warning: array subscript has type 'char' [-Wchar-subscripts]
   32 |     if(counterForButtonPress1s[i] < DURATION_FOR_AUTO_INCREASING)
      |                               ^
../Core/Src/input_reading.c:34:29: warning: array subscript has type 'char' [-Wchar-subscripts]
   34 |      counterForButtonPress1s[i]++;
      |                             ^
../Core/Src/input_reading.c:38:26: warning: array subscript has type 'char' [-Wchar-subscripts]
   38 |      flagForButtonPress1s[i] = 1;
      |                          ^
../Core/Src/input_reading.c:44:28: warning: array subscript has type 'char' [-Wchar-subscripts]
   44 |     counterForButtonPress1s[i] = 0;
      |                            ^
../Core/Src/input_reading.c:45:25: warning: array subscript has type 'char' [-Wchar-subscripts]
   45 |     flagForButtonPress1s[i] = 0;
      |                         ^
make: *** [Core/Src/subdir.mk:43: Core/Src/input_reading.o] Error 1
make: *** Waiting for unfinished jobs....
"make -j12 all" terminated with exit code 2. Build might be incomplete.
09:20:21 **** Incremental Build of configuration Debug for project lab3 ****
make -j12 all 
arm-none-eabi-gcc "../Drivers/STM32F1xx_HAL_Driver/Src/stm32f1xx_hal.c" -mcpu=cortex-m3 -std=gnu11 -g3 -DDEBUG -DUSE_HAL_DRIVER -DSTM32F103x6 -c -I../Core/Inc -I../Drivers/STM32F1xx_HAL_Driver/Inc -I../Drivers/STM32F1xx_HAL_Driver/Inc/Legacy -I../Drivers/CMSIS/Device/ST/STM32F1xx/Include -I../Drivers/CMSIS/Include -O0 -ffunction-sections -fdata-sections -Wall -fstack-usage -MMD -MP -MF"Drivers/STM32F1xx_HAL_Driver/Src/stm32f1xx_hal.d" -MT"Drivers/STM32F1xx_HAL_Driver/Src/stm32f1xx_hal.o" --specs=nano.specs -mfloat-abi=soft -mthumb -o "Drivers/STM32F1xx_HAL_Driver/Src/stm32f1xx_hal.o"
arm-none-eabi-gcc "../Drivers/STM32F1xx_HAL_Driver/Src/stm32f1xx_hal_cortex.c" -mcpu=cortex-m3 -std=gnu11 -g3 -DDEBUG -DUSE_HAL_DRIVER -DSTM32F103x6 -c -I../Core/Inc -I../Drivers/STM32F1xx_HAL_Driver/Inc -I../Drivers/STM32F1xx_HAL_Driver/Inc/Legacy -I../Drivers/CMSIS/Device/ST/STM32F1xx/Include -I../Drivers/CMSIS/Include -O0 -ffunction-sections -fdata-sections -Wall -fstack-usage -MMD -MP -MF"Drivers/STM32F1xx_HAL_Driver/Src/stm32f1xx_hal_cortex.d" -MT"Drivers/STM32F1xx_HAL_Driver/Src/stm32f1xx_hal_cortex.o" --specs=nano.specs -mfloat-abi=soft -mthumb -o "Drivers/STM32F1xx_HAL_Driver/Src/stm32f1xx_hal_cortex.o"
arm-none-eabi-gcc "../Drivers/STM32F1xx_HAL_Driver/Src/stm32f1xx_hal_dma.c" -mcpu=cortex-m3 -std=gnu11 -g3 -DDEBUG -DUSE_HAL_DRIVER -DSTM32F103x6 -c -I../Core/Inc -I../Drivers/STM32F1xx_HAL_Driver/Inc -I../Drivers/STM32F1xx_HAL_Driver/Inc/Legacy -I../Drivers/CMSIS/Device/ST/STM32F1xx/Include -I../Drivers/CMSIS/Include -O0 -ffunction-sections -fdata-sections -Wall -fstack-usage -MMD -MP -MF"Drivers/STM32F1xx_HAL_Driver/Src/stm32f1xx_hal_dma.d" -MT"Drivers/STM32F1xx_HAL_Driver/Src/stm32f1xx_hal_dma.o" --specs=nano.specs -mfloat-abi=soft -mthumb -o "Drivers/STM32F1xx_HAL_Driver/Src/stm32f1xx_hal_dma.o"
arm-none-eabi-gcc "../Drivers/STM32F1xx_HAL_Driver/Src/stm32f1xx_hal_exti.c" -mcpu=cortex-m3 -std=gnu11 -g3 -DDEBUG -DUSE_HAL_DRIVER -DSTM32F103x6 -c -I../Core/Inc -I../Drivers/STM32F1xx_HAL_Driver/Inc -I../Drivers/STM32F1xx_HAL_Driver/Inc/Legacy -I../Drivers/CMSIS/Device/ST/STM32F1xx/Include -I../Drivers/CMSIS/Include -O0 -ffunction-sections -fdata-sections -Wall -fstack-usage -MMD -MP -MF"Drivers/STM32F1xx_HAL_Driver/Src/stm32f1xx_hal_exti.d" -MT"Drivers/STM32F1xx_HAL_Driver/Src/stm32f1xx_hal_exti.o" --specs=nano.specs -mfloat-abi=soft -mthumb -o "Drivers/STM32F1xx_HAL_Driver/Src/stm32f1xx_hal_exti.o"
arm-none-eabi-gcc "../Drivers/STM32F1xx_HAL_Driver/Src/stm32f1xx_hal_flash.c" -mcpu=cortex-m3 -std=gnu11 -g3 -DDEBUG -DUSE_HAL_DRIVER -DSTM32F103x6 -c -I../Core/Inc -I../Drivers/STM32F1xx_HAL_Driver/Inc -I../Drivers/STM32F1xx_HAL_Driver/Inc/Legacy -I../Drivers/CMSIS/Device/ST/STM32F1xx/Include -I../Drivers/CMSIS/Include -O0 -ffunction-sections -fdata-sections -Wall -fstack-usage -MMD -MP -MF"Drivers/STM32F1xx_HAL_Driver/Src/stm32f1xx_hal_flash.d" -MT"Drivers/STM32F1xx_HAL_Driver/Src/stm32f1xx_hal_flash.o" --specs=nano.specs -mfloat-abi=soft -mthumb -o "Drivers/STM32F1xx_HAL_Driver/Src/stm32f1xx_hal_flash.o"
arm-none-eabi-gcc "../Drivers/STM32F1xx_HAL_Driver/Src/stm32f1xx_hal_flash_ex.c" -mcpu=cortex-m3 -std=gnu11 -g3 -DDEBUG -DUSE_HAL_DRIVER -DSTM32F103x6 -c -I../Core/Inc -I../Drivers/STM32F1xx_HAL_Driver/Inc -I../Drivers/STM32F1xx_HAL_Driver/Inc/Legacy -I../Drivers/CMSIS/Device/ST/STM32F1xx/Include -I../Drivers/CMSIS/Include -O0 -ffunction-sections -fdata-sections -Wall -fstack-usage -MMD -MP -MF"Drivers/STM32F1xx_HAL_Driver/Src/stm32f1xx_hal_flash_ex.d" -MT"Drivers/STM32F1xx_HAL_Driver/Src/stm32f1xx_hal_flash_ex.o" --specs=nano.specs -mfloat-abi=soft -mthumb -o "Drivers/STM32F1xx_HAL_Driver/Src/stm32f1xx_hal_flash_ex.o"
arm-none-eabi-gcc "../Drivers/STM32F1xx_HAL_Driver/Src/stm32f1xx_hal_gpio.c" -mcpu=cortex-m3 -std=gnu11 -g3 -DDEBUG -DUSE_HAL_DRIVER -DSTM32F103x6 -c -I../Core/Inc -I../Drivers/STM32F1xx_HAL_Driver/Inc -I../Drivers/STM32F1xx_HAL_Driver/Inc/Legacy -I../Drivers/CMSIS/Device/ST/STM32F1xx/Include -I../Drivers/CMSIS/Include -O0 -ffunction-sections -fdata-sections -Wall -fstack-usage -MMD -MP -MF"Drivers/STM32F1xx_HAL_Driver/Src/stm32f1xx_hal_gpio.d" -MT"Drivers/STM32F1xx_HAL_Driver/Src/stm32f1xx_hal_gpio.o" --specs=nano.specs -mfloat-abi=soft -mthumb -o "Drivers/STM32F1xx_HAL_Driver/Src/stm32f1xx_hal_gpio.o"
arm-none-eabi-gcc "../Drivers/STM32F1xx_HAL_Driver/Src/stm32f1xx_hal_gpio_ex.c" -mcpu=cortex-m3 -std=gnu11 -g3 -DDEBUG -DUSE_HAL_DRIVER -DSTM32F103x6 -c -I../Core/Inc -I../Drivers/STM32F1xx_HAL_Driver/Inc -I../Drivers/STM32F1xx_HAL_Driver/Inc/Legacy -I../Drivers/CMSIS/Device/ST/STM32F1xx/Include -I../Drivers/CMSIS/Include -O0 -ffunction-sections -fdata-sections -Wall -fstack-usage -MMD -MP -MF"Drivers/STM32F1xx_HAL_Driver/Src/stm32f1xx_hal_gpio_ex.d" -MT"Drivers/STM32F1xx_HAL_Driver/Src/stm32f1xx_hal_gpio_ex.o" --specs=nano.specs -mfloat-abi=soft -mthumb -o "Drivers/STM32F1xx_HAL_Driver/Src/stm32f1xx_hal_gpio_ex.o"
arm-none-eabi-gcc "../Drivers/STM32F1xx_HAL_Driver/Src/stm32f1xx_hal_pwr.c" -mcpu=cortex-m3 -std=gnu11 -g3 -DDEBUG -DUSE_HAL_DRIVER -DSTM32F103x6 -c -I../Core/Inc -I../Drivers/STM32F1xx_HAL_Driver/Inc -I../Drivers/STM32F1xx_HAL_Driver/Inc/Legacy -I../Drivers/CMSIS/Device/ST/STM32F1xx/Include -I../Drivers/CMSIS/Include -O0 -ffunction-sections -fdata-sections -Wall -fstack-usage -MMD -MP -MF"Drivers/STM32F1xx_HAL_Driver/Src/stm32f1xx_hal_pwr.d" -MT"Drivers/STM32F1xx_HAL_Driver/Src/stm32f1xx_hal_pwr.o" --specs=nano.specs -mfloat-abi=soft -mthumb -o "Drivers/STM32F1xx_HAL_Driver/Src/stm32f1xx_hal_pwr.o"
arm-none-eabi-gcc "../Drivers/STM32F1xx_HAL_Driver/Src/stm32f1xx_hal_rcc.c" -mcpu=cortex-m3 -std=gnu11 -g3 -DDEBUG -DUSE_HAL_DRIVER -DSTM32F103x6 -c -I../Core/Inc -I../Drivers/STM32F1xx_HAL_Driver/Inc -I../Drivers/STM32F1xx_HAL_Driver/Inc/Legacy -I../Drivers/CMSIS/Device/ST/STM32F1xx/Include -I../Drivers/CMSIS/Include -O0 -ffunction-sections -fdata-sections -Wall -fstack-usage -MMD -MP -MF"Drivers/STM32F1xx_HAL_Driver/Src/stm32f1xx_hal_rcc.d" -MT"Drivers/STM32F1xx_HAL_Driver/Src/stm32f1xx_hal_rcc.o" --specs=nano.specs -mfloat-abi=soft -mthumb -o "Drivers/STM32F1xx_HAL_Driver/Src/stm32f1xx_hal_rcc.o"
arm-none-eabi-gcc "../Drivers/STM32F1xx_HAL_Driver/Src/stm32f1xx_hal_rcc_ex.c" -mcpu=cortex-m3 -std=gnu11 -g3 -DDEBUG -DUSE_HAL_DRIVER -DSTM32F103x6 -c -I../Core/Inc -I../Drivers/STM32F1xx_HAL_Driver/Inc -I../Drivers/STM32F1xx_HAL_Driver/Inc/Legacy -I../Drivers/CMSIS/Device/ST/STM32F1xx/Include -I../Drivers/CMSIS/Include -O0 -ffunction-sections -fdata-sections -Wall -fstack-usage -MMD -MP -MF"Drivers/STM32F1xx_HAL_Driver/Src/stm32f1xx_hal_rcc_ex.d" -MT"Drivers/STM32F1xx_HAL_Driver/Src/stm32f1xx_hal_rcc_ex.o" --specs=nano.specs -mfloat-abi=soft -mthumb -o "Drivers/STM32F1xx_HAL_Driver/Src/stm32f1xx_hal_rcc_ex.o"
arm-none-eabi-gcc "../Drivers/STM32F1xx_HAL_Driver/Src/stm32f1xx_hal_tim.c" -mcpu=cortex-m3 -std=gnu11 -g3 -DDEBUG -DUSE_HAL_DRIVER -DSTM32F103x6 -c -I../Core/Inc -I../Drivers/STM32F1xx_HAL_Driver/Inc -I../Drivers/STM32F1xx_HAL_Driver/Inc/Legacy -I../Drivers/CMSIS/Device/ST/STM32F1xx/Include -I../Drivers/CMSIS/Include -O0 -ffunction-sections -fdata-sections -Wall -fstack-usage -MMD -MP -MF"Drivers/STM32F1xx_HAL_Driver/Src/stm32f1xx_hal_tim.d" -MT"Drivers/STM32F1xx_HAL_Driver/Src/stm32f1xx_hal_tim.o" --specs=nano.specs -mfloat-abi=soft -mthumb -o "Drivers/STM32F1xx_HAL_Driver/Src/stm32f1xx_hal_tim.o"
arm-none-eabi-gcc "../Drivers/STM32F1xx_HAL_Driver/Src/stm32f1xx_hal_tim_ex.c" -mcpu=cortex-m3 -std=gnu11 -g3 -DDEBUG -DUSE_HAL_DRIVER -DSTM32F103x6 -c -I../Core/Inc -I../Drivers/STM32F1xx_HAL_Driver/Inc -I../Drivers/STM32F1xx_HAL_Driver/Inc/Legacy -I../Drivers/CMSIS/Device/ST/STM32F1xx/Include -I../Drivers/CMSIS/Include -O0 -ffunction-sections -fdata-sections -Wall -fstack-usage -MMD -MP -MF"Drivers/STM32F1xx_HAL_Driver/Src/stm32f1xx_hal_tim_ex.d" -MT"Drivers/STM32F1xx_HAL_Driver/Src/stm32f1xx_hal_tim_ex.o" --specs=nano.specs -mfloat-abi=soft -mthumb -o "Drivers/STM32F1xx_HAL_Driver/Src/stm32f1xx_hal_tim_ex.o"
arm-none-eabi-gcc "../Core/Src/input_processing.c" -mcpu=cortex-m3 -std=gnu11 -g3 -DDEBUG -DUSE_HAL_DRIVER -DSTM32F103x6 -c -I../Core/Inc -I../Drivers/STM32F1xx_HAL_Driver/Inc -I../Drivers/STM32F1xx_HAL_Driver/Inc/Legacy -I../Drivers/CMSIS/Device/ST/STM32F1xx/Include -I../Drivers/CMSIS/Include -O0 -ffunction-sections -fdata-sections -Wall -fstack-usage -MMD -MP -MF"Core/Src/input_processing.d" -MT"Core/Src/input_processing.o" --specs=nano.specs -mfloat-abi=soft -mthumb -o "Core/Src/input_processing.o"
arm-none-eabi-gcc "../Core/Src/input_reading.c" -mcpu=cortex-m3 -std=gnu11 -g3 -DDEBUG -DUSE_HAL_DRIVER -DSTM32F103x6 -c -I../Core/Inc -I../Drivers/STM32F1xx_HAL_Driver/Inc -I../Drivers/STM32F1xx_HAL_Driver/Inc/Legacy -I../Drivers/CMSIS/Device/ST/STM32F1xx/Include -I../Drivers/CMSIS/Include -O0 -ffunction-sections -fdata-sections -Wall -fstack-usage -MMD -MP -MF"Core/Src/input_reading.d" -MT"Core/Src/input_reading.o" --specs=nano.specs -mfloat-abi=soft -mthumb -o "Core/Src/input_reading.o"
arm-none-eabi-gcc "../Core/Src/main.c" -mcpu=cortex-m3 -std=gnu11 -g3 -DDEBUG -DUSE_HAL_DRIVER -DSTM32F103x6 -c -I../Core/Inc -I../Drivers/STM32F1xx_HAL_Driver/Inc -I../Drivers/STM32F1xx_HAL_Driver/Inc/Legacy -I../Drivers/CMSIS/Device/ST/STM32F1xx/Include -I../Drivers/CMSIS/Include -O0 -ffunction-sections -fdata-sections -Wall -fstack-usage -MMD -MP -MF"Core/Src/main.d" -MT"Core/Src/main.o" --specs=nano.specs -mfloat-abi=soft -mthumb -o "Core/Src/main.o"
arm-none-eabi-gcc "../Core/Src/stm32f1xx_hal_msp.c" -mcpu=cortex-m3 -std=gnu11 -g3 -DDEBUG -DUSE_HAL_DRIVER -DSTM32F103x6 -c -I../Core/Inc -I../Drivers/STM32F1xx_HAL_Driver/Inc -I../Drivers/STM32F1xx_HAL_Driver/Inc/Legacy -I../Drivers/CMSIS/Device/ST/STM32F1xx/Include -I../Drivers/CMSIS/Include -O0 -ffunction-sections -fdata-sections -Wall -fstack-usage -MMD -MP -MF"Core/Src/stm32f1xx_hal_msp.d" -MT"Core/Src/stm32f1xx_hal_msp.o" --specs=nano.specs -mfloat-abi=soft -mthumb -o "Core/Src/stm32f1xx_hal_msp.o"
arm-none-eabi-gcc "../Core/Src/stm32f1xx_it.c" -mcpu=cortex-m3 -std=gnu11 -g3 -DDEBUG -DUSE_HAL_DRIVER -DSTM32F103x6 -c -I../Core/Inc -I../Drivers/STM32F1xx_HAL_Driver/Inc -I../Drivers/STM32F1xx_HAL_Driver/Inc/Legacy -I../Drivers/CMSIS/Device/ST/STM32F1xx/Include -I../Drivers/CMSIS/Include -O0 -ffunction-sections -fdata-sections -Wall -fstack-usage -MMD -MP -MF"Core/Src/stm32f1xx_it.d" -MT"Core/Src/stm32f1xx_it.o" --specs=nano.specs -mfloat-abi=soft -mthumb -o "Core/Src/stm32f1xx_it.o"
arm-none-eabi-gcc "../Core/Src/system_stm32f1xx.c" -mcpu=cortex-m3 -std=gnu11 -g3 -DDEBUG -DUSE_HAL_DRIVER -DSTM32F103x6 -c -I../Core/Inc -I../Drivers/STM32F1xx_HAL_Driver/Inc -I../Drivers/STM32F1xx_HAL_Driver/Inc/Legacy -I../Drivers/CMSIS/Device/ST/STM32F1xx/Include -I../Drivers/CMSIS/Include -O0 -ffunction-sections -fdata-sections -Wall -fstack-usage -MMD -MP -MF"Core/Src/system_stm32f1xx.d" -MT"Core/Src/system_stm32f1xx.o" --specs=nano.specs -mfloat-abi=soft -mthumb -o "Core/Src/system_stm32f1xx.o"
arm-none-eabi-gcc "../Core/Src/timer.c" -mcpu=cortex-m3 -std=gnu11 -g3 -DDEBUG -DUSE_HAL_DRIVER -DSTM32F103x6 -c -I../Core/Inc -I../Drivers/STM32F1xx_HAL_Driver/Inc -I../Drivers/STM32F1xx_HAL_Driver/Inc/Legacy -I../Drivers/CMSIS/Device/ST/STM32F1xx/Include -I../Drivers/CMSIS/Include -O0 -ffunction-sections -fdata-sections -Wall -fstack-usage -MMD -MP -MF"Core/Src/timer.d" -MT"Core/Src/timer.o" --specs=nano.specs -mfloat-abi=soft -mthumb -o "Core/Src/timer.o"
../Core/Src/input_reading.c: In function 'button_reading':
../Core/Src/input_reading.c:26:24: warning: array subscript has type 'char' [-Wchar-subscripts]
   26 |   debounceButtonBuffer2[i] =debounceButtonBuffer1[i];
      |                        ^
../Core/Src/input_reading.c:26:50: warning: array subscript has type 'char' [-Wchar-subscripts]
   26 |   debounceButtonBuffer2[i] =debounceButtonBuffer1[i];
      |                                                  ^
../Core/Src/input_reading.c:27:24: warning: array subscript has type 'char' [-Wchar-subscripts]
   27 |   debounceButtonBuffer1[i] = HAL_GPIO_ReadPin(BUTTON_1_GPIO_Port, BUTTON_1_Pin);
      |                        ^
../Core/Src/input_reading.c:28:27: warning: array subscript has type 'char' [-Wchar-subscripts]
   28 |   if(debounceButtonBuffer1[i] == debounceButtonBuffer2[i])
      |                           ^
../Core/Src/input_reading.c:28:55: warning: array subscript has type 'char' [-Wchar-subscripts]
   28 |   if(debounceButtonBuffer1[i] == debounceButtonBuffer2[i])
      |                                                       ^
../Core/Src/input_reading.c:29:16: warning: array subscript has type 'char' [-Wchar-subscripts]
   29 |    buttonBuffer[i] = debounceButtonBuffer1[i];
      |                ^
../Core/Src/input_reading.c:29:43: warning: array subscript has type 'char' [-Wchar-subscripts]
   29 |    buttonBuffer[i] = debounceButtonBuffer1[i];
      |                                           ^
../Core/Src/input_reading.c:28:3: warning: this 'if' clause does not guard... [-Wmisleading-indentation]
   28 |   if(debounceButtonBuffer1[i] == debounceButtonBuffer2[i])
      |   ^~
../Core/Src/input_reading.c:30:4: note: ...this statement, but the latter is misleadingly indented as if it were guarded by the 'if'
   30 |    if(buttonBuffer[i] == BUTTON_IS_PRESSED)
      |    ^~
../Core/Src/input_reading.c:30:19: warning: array subscript has type 'char' [-Wchar-subscripts]
   30 |    if(buttonBuffer[i] == BUTTON_IS_PRESSED)
      |                   ^
../Core/Src/input_reading.c:32:31: warning: array subscript has type 'char' [-Wchar-subscripts]
   32 |     if(counterForButtonPress1s[i] < DURATION_FOR_AUTO_INCREASING)
      |                               ^
../Core/Src/input_reading.c:34:29: warning: array subscript has type 'char' [-Wchar-subscripts]
   34 |      counterForButtonPress1s[i]++;
      |                             ^
../Core/Src/input_reading.c:38:26: warning: array subscript has type 'char' [-Wchar-subscripts]
   38 |      flagForButtonPress1s[i] = 1;
      |                          ^
../Core/Src/input_reading.c:44:28: warning: array subscript has type 'char' [-Wchar-subscripts]
   44 |     counterForButtonPress1s[i] = 0;
      |                            ^
../Core/Src/input_reading.c:45:25: warning: array subscript has type 'char' [-Wchar-subscripts]
   45 |     flagForButtonPress1s[i] = 0;
      |                         ^
arm-none-eabi-gcc -o "lab3.elf" @"objects.list"   -mcpu=cortex-m3 -T"D:\251\vxl\gitlab3\code\lab3\STM32F103C6UX_FLASH.ld" --specs=nosys.specs -Wl,-Map="lab3.map" -Wl,--gc-sections -static --specs=nano.specs -mfloat-abi=soft -mthumb -Wl,--start-group -lc -lm -Wl,--end-group
d:\251\vxl\cube\stm32cubeide_1.7.0\stm32cubeide\plugins\com.st.stm32cube.ide.mcu.externaltools.gnu-tools-for-stm32.9-2020-q2-update.win32_2.0.0.202105311346\tools\arm-none-eabi\bin\ld.exe: ./Core/Src/input_reading.o:D:/251/vxl/gitlab3/code/lab3/Debug/../Core/Inc/main.h:57: multiple definition of `timer0_counter'; ./Core/Src/input_processing.o:D:/251/vxl/gitlab3/code/lab3/Debug/../Core/Inc/main.h:57: first defined here
d:\251\vxl\cube\stm32cubeide_1.7.0\stm32cubeide\plugins\com.st.stm32cube.ide.mcu.externaltools.gnu-tools-for-stm32.9-2020-q2-update.win32_2.0.0.202105311346\tools\arm-none-eabi\bin\ld.exe: ./Core/Src/input_reading.o:D:/251/vxl/gitlab3/code/lab3/Debug/../Core/Inc/main.h:58: multiple definition of `timer0_flag'; ./Core/Src/input_processing.o:D:/251/vxl/gitlab3/code/lab3/Debug/../Core/Inc/main.h:58: first defined here
d:\251\vxl\cube\stm32cubeide_1.7.0\stm32cubeide\plugins\com.st.stm32cube.ide.mcu.externaltools.gnu-tools-for-stm32.9-2020-q2-update.win32_2.0.0.202105311346\tools\arm-none-eabi\bin\ld.exe: ./Core/Src/input_reading.o:D:/251/vxl/gitlab3/code/lab3/Debug/../Core/Inc/main.h:59: multiple definition of `TIMER_CYCLE'; ./Core/Src/input_processing.o:D:/251/vxl/gitlab3/code/lab3/Debug/../Core/Inc/main.h:59: first defined here
d:\251\vxl\cube\stm32cubeide_1.7.0\stm32cubeide\plugins\com.st.stm32cube.ide.mcu.externaltools.gnu-tools-for-stm32.9-2020-q2-update.win32_2.0.0.202105311346\tools\arm-none-eabi\bin\ld.exe: ./Core/Src/main.o:D:/251/vxl/gitlab3/code/lab3/Debug/../Core/Inc/main.h:57: multiple definition of `timer0_counter'; ./Core/Src/input_processing.o:D:/251/vxl/gitlab3/code/lab3/Debug/../Core/Inc/main.h:57: first defined here
d:\251\vxl\cube\stm32cubeide_1.7.0\stm32cubeide\plugins\com.st.stm32cube.ide.mcu.externaltools.gnu-tools-for-stm32.9-2020-q2-update.win32_2.0.0.202105311346\tools\arm-none-eabi\bin\ld.exe: ./Core/Src/main.o:D:/251/vxl/gitlab3/code/lab3/Debug/../Core/Inc/main.h:58: multiple definition of `timer0_flag'; ./Core/Src/input_processing.o:D:/251/vxl/gitlab3/code/lab3/Debug/../Core/Inc/main.h:58: first defined here
d:\251\vxl\cube\stm32cubeide_1.7.0\stm32cubeide\plugins\com.st.stm32cube.ide.mcu.externaltools.gnu-tools-for-stm32.9-2020-q2-update.win32_2.0.0.202105311346\tools\arm-none-eabi\bin\ld.exe: ./Core/Src/main.o:D:/251/vxl/gitlab3/code/lab3/Debug/../Core/Inc/main.h:59: multiple definition of `TIMER_CYCLE'; ./Core/Src/input_processing.o:D:/251/vxl/gitlab3/code/lab3/Debug/../Core/Inc/main.h:59: first defined here
d:\251\vxl\cube\stm32cubeide_1.7.0\stm32cubeide\plugins\com.st.stm32cube.ide.mcu.externaltools.gnu-tools-for-stm32.9-2020-q2-update.win32_2.0.0.202105311346\tools\arm-none-eabi\bin\ld.exe: ./Core/Src/stm32f1xx_hal_msp.o:D:/251/vxl/gitlab3/code/lab3/Debug/../Core/Inc/main.h:57: multiple definition of `timer0_counter'; ./Core/Src/input_processing.o:D:/251/vxl/gitlab3/code/lab3/Debug/../Core/Inc/main.h:57: first defined here
d:\251\vxl\cube\stm32cubeide_1.7.0\stm32cubeide\plugins\com.st.stm32cube.ide.mcu.externaltools.gnu-tools-for-stm32.9-2020-q2-update.win32_2.0.0.202105311346\tools\arm-none-eabi\bin\ld.exe: ./Core/Src/stm32f1xx_hal_msp.o:D:/251/vxl/gitlab3/code/lab3/Debug/../Core/Inc/main.h:58: multiple definition of `timer0_flag'; ./Core/Src/input_processing.o:D:/251/vxl/gitlab3/code/lab3/Debug/../Core/Inc/main.h:58: first defined here
d:\251\vxl\cube\stm32cubeide_1.7.0\stm32cubeide\plugins\com.st.stm32cube.ide.mcu.externaltools.gnu-tools-for-stm32.9-2020-q2-update.win32_2.0.0.202105311346\tools\arm-none-eabi\bin\ld.exe: ./Core/Src/stm32f1xx_hal_msp.o:D:/251/vxl/gitlab3/code/lab3/Debug/../Core/Inc/main.h:59: multiple definition of `TIMER_CYCLE'; ./Core/Src/input_processing.o:D:/251/vxl/gitlab3/code/lab3/Debug/../Core/Inc/main.h:59: first defined here
d:\251\vxl\cube\stm32cubeide_1.7.0\stm32cubeide\plugins\com.st.stm32cube.ide.mcu.externaltools.gnu-tools-for-stm32.9-2020-q2-update.win32_2.0.0.202105311346\tools\arm-none-eabi\bin\ld.exe: ./Core/Src/stm32f1xx_it.o:D:/251/vxl/gitlab3/code/lab3/Debug/../Core/Inc/main.h:57: multiple definition of `timer0_counter'; ./Core/Src/input_processing.o:D:/251/vxl/gitlab3/code/lab3/Debug/../Core/Inc/main.h:57: first defined here
d:\251\vxl\cube\stm32cubeide_1.7.0\stm32cubeide\plugins\com.st.stm32cube.ide.mcu.externaltools.gnu-tools-for-stm32.9-2020-q2-update.win32_2.0.0.202105311346\tools\arm-none-eabi\bin\ld.exe: ./Core/Src/stm32f1xx_it.o:D:/251/vxl/gitlab3/code/lab3/Debug/../Core/Inc/main.h:58: multiple definition of `timer0_flag'; ./Core/Src/input_processing.o:D:/251/vxl/gitlab3/code/lab3/Debug/../Core/Inc/main.h:58: first defined here
d:\251\vxl\cube\stm32cubeide_1.7.0\stm32cubeide\plugins\com.st.stm32cube.ide.mcu.externaltools.gnu-tools-for-stm32.9-2020-q2-update.win32_2.0.0.202105311346\tools\arm-none-eabi\bin\ld.exe: ./Core/Src/stm32f1xx_it.o:D:/251/vxl/gitlab3/code/lab3/Debug/../Core/Inc/main.h:59: multiple definition of `TIMER_CYCLE'; ./Core/Src/input_processing.o:D:/251/vxl/gitlab3/code/lab3/Debug/../Core/Inc/main.h:59: first defined here
d:\251\vxl\cube\stm32cubeide_1.7.0\stm32cubeide\plugins\com.st.stm32cube.ide.mcu.externaltools.gnu-tools-for-stm32.9-2020-q2-update.win32_2.0.0.202105311346\tools\arm-none-eabi\bin\ld.exe: ./Core/Src/timer.o:D:/251/vxl/gitlab3/code/lab3/Debug/../Core/Inc/main.h:57: multiple definition of `timer0_counter'; ./Core/Src/input_processing.o:D:/251/vxl/gitlab3/code/lab3/Debug/../Core/Inc/main.h:57: first defined here
d:\251\vxl\cube\stm32cubeide_1.7.0\stm32cubeide\plugins\com.st.stm32cube.ide.mcu.externaltools.gnu-tools-for-stm32.9-2020-q2-update.win32_2.0.0.202105311346\tools\arm-none-eabi\bin\ld.exe: ./Core/Src/timer.o:D:/251/vxl/gitlab3/code/lab3/Debug/../Core/Inc/main.h:58: multiple definition of `timer0_flag'; ./Core/Src/input_processing.o:D:/251/vxl/gitlab3/code/lab3/Debug/../Core/Inc/main.h:58: first defined here
d:\251\vxl\cube\stm32cubeide_1.7.0\stm32cubeide\plugins\com.st.stm32cube.ide.mcu.externaltools.gnu-tools-for-stm32.9-2020-q2-update.win32_2.0.0.202105311346\tools\arm-none-eabi\bin\ld.exe: ./Core/Src/timer.o:D:/251/vxl/gitlab3/code/lab3/Debug/../Core/Inc/main.h:59: multiple definition of `TIMER_CYCLE'; ./Core/Src/input_processing.o:D:/251/vxl/gitlab3/code/lab3/Debug/../Core/Inc/main.h:59: first defined here
collect2.exe: error: ld returned 1 exit status
make: *** [makefile:68: lab3.elf] Error 1
"make -j12 all" terminated with exit code 2. Build might be incomplete.
09:23:15 **** Incremental Build of configuration Debug for project lab3 ****
make -j12 all 
arm-none-eabi-gcc "../Core/Src/input_processing.c" -mcpu=cortex-m3 -std=gnu11 -g3 -DDEBUG -DUSE_HAL_DRIVER -DSTM32F103x6 -c -I../Core/Inc -I../Drivers/STM32F1xx_HAL_Driver/Inc -I../Drivers/STM32F1xx_HAL_Driver/Inc/Legacy -I../Drivers/CMSIS/Device/ST/STM32F1xx/Include -I../Drivers/CMSIS/Include -O0 -ffunction-sections -fdata-sections -Wall -fstack-usage -MMD -MP -MF"Core/Src/input_processing.d" -MT"Core/Src/input_processing.o" --specs=nano.specs -mfloat-abi=soft -mthumb -o "Core/Src/input_processing.o"
arm-none-eabi-gcc "../Core/Src/input_reading.c" -mcpu=cortex-m3 -std=gnu11 -g3 -DDEBUG -DUSE_HAL_DRIVER -DSTM32F103x6 -c -I../Core/Inc -I../Drivers/STM32F1xx_HAL_Driver/Inc -I../Drivers/STM32F1xx_HAL_Driver/Inc/Legacy -I../Drivers/CMSIS/Device/ST/STM32F1xx/Include -I../Drivers/CMSIS/Include -O0 -ffunction-sections -fdata-sections -Wall -fstack-usage -MMD -MP -MF"Core/Src/input_reading.d" -MT"Core/Src/input_reading.o" --specs=nano.specs -mfloat-abi=soft -mthumb -o "Core/Src/input_reading.o"
arm-none-eabi-gcc "../Core/Src/main.c" -mcpu=cortex-m3 -std=gnu11 -g3 -DDEBUG -DUSE_HAL_DRIVER -DSTM32F103x6 -c -I../Core/Inc -I../Drivers/STM32F1xx_HAL_Driver/Inc -I../Drivers/STM32F1xx_HAL_Driver/Inc/Legacy -I../Drivers/CMSIS/Device/ST/STM32F1xx/Include -I../Drivers/CMSIS/Include -O0 -ffunction-sections -fdata-sections -Wall -fstack-usage -MMD -MP -MF"Core/Src/main.d" -MT"Core/Src/main.o" --specs=nano.specs -mfloat-abi=soft -mthumb -o "Core/Src/main.o"
arm-none-eabi-gcc "../Core/Src/stm32f1xx_hal_msp.c" -mcpu=cortex-m3 -std=gnu11 -g3 -DDEBUG -DUSE_HAL_DRIVER -DSTM32F103x6 -c -I../Core/Inc -I../Drivers/STM32F1xx_HAL_Driver/Inc -I../Drivers/STM32F1xx_HAL_Driver/Inc/Legacy -I../Drivers/CMSIS/Device/ST/STM32F1xx/Include -I../Drivers/CMSIS/Include -O0 -ffunction-sections -fdata-sections -Wall -fstack-usage -MMD -MP -MF"Core/Src/stm32f1xx_hal_msp.d" -MT"Core/Src/stm32f1xx_hal_msp.o" --specs=nano.specs -mfloat-abi=soft -mthumb -o "Core/Src/stm32f1xx_hal_msp.o"
arm-none-eabi-gcc "../Core/Src/stm32f1xx_it.c" -mcpu=cortex-m3 -std=gnu11 -g3 -DDEBUG -DUSE_HAL_DRIVER -DSTM32F103x6 -c -I../Core/Inc -I../Drivers/STM32F1xx_HAL_Driver/Inc -I../Drivers/STM32F1xx_HAL_Driver/Inc/Legacy -I../Drivers/CMSIS/Device/ST/STM32F1xx/Include -I../Drivers/CMSIS/Include -O0 -ffunction-sections -fdata-sections -Wall -fstack-usage -MMD -MP -MF"Core/Src/stm32f1xx_it.d" -MT"Core/Src/stm32f1xx_it.o" --specs=nano.specs -mfloat-abi=soft -mthumb -o "Core/Src/stm32f1xx_it.o"
arm-none-eabi-gcc "../Core/Src/timer.c" -mcpu=cortex-m3 -std=gnu11 -g3 -DDEBUG -DUSE_HAL_DRIVER -DSTM32F103x6 -c -I../Core/Inc -I../Drivers/STM32F1xx_HAL_Driver/Inc -I../Drivers/STM32F1xx_HAL_Driver/Inc/Legacy -I../Drivers/CMSIS/Device/ST/STM32F1xx/Include -I../Drivers/CMSIS/Include -O0 -ffunction-sections -fdata-sections -Wall -fstack-usage -MMD -MP -MF"Core/Src/timer.d" -MT"Core/Src/timer.o" --specs=nano.specs -mfloat-abi=soft -mthumb -o "Core/Src/timer.o"
In file included from ../Core/Src/main.c:21:
../Core/Inc/main.h:57:12: warning: 'timer0_counter' initialized and declared 'extern'
   57 | extern int timer0_counter = 0;
      |            ^~~~~~~~~~~~~~
In file included from ../Core/Src/input_reading.c:8:
../Core/Inc/main.h:57:12: warning: 'timer0_counter' initialized and declared 'extern'
   57 | extern int timer0_counter = 0;
      |            ^~~~~~~~~~~~~~
../Core/Inc/main.h:58:12: warning: 'timer0_flag' initialized and declared 'extern'
   58 | extern int timer0_flag = 0;
      |            ^~~~~~~~~~~
../Core/Inc/main.h:58:12: warning: 'timer0_flag' initialized and declared 'extern'
   58 | extern int timer0_flag = 0;
      |            ^~~~~~~~~~~
../Core/Inc/main.h:59:12: warning: 'TIMER_CYCLE' initialized and declared 'extern'
   59 | extern int TIMER_CYCLE = 10;
      |            ^~~~~~~~~~~
../Core/Inc/main.h:59:12: warning: 'TIMER_CYCLE' initialized and declared 'extern'
   59 | extern int TIMER_CYCLE = 10;
      |            ^~~~~~~~~~~
../Core/Src/input_reading.c: In function 'button_reading':
In file included from ../Core/Src/input_processing.c:8:
../Core/Inc/main.h:57:12: warning: 'timer0_counter' initialized and declared 'extern'
   57 | extern int timer0_counter = 0;
      |            ^~~~~~~~~~~~~~
../Core/Inc/main.h:58:12: warning: 'timer0_flag' initialized and declared 'extern'
   58 | extern int timer0_flag = 0;
      |            ^~~~~~~~~~~
../Core/Src/input_reading.c:26:24: warning: array subscript has type 'char' [-Wchar-subscripts]
   26 |   debounceButtonBuffer2[i] =debounceButtonBuffer1[i];
      |                        ^
../Core/Inc/main.h:59:12: warning: 'TIMER_CYCLE' initialized and declared 'extern'
   59 | extern int TIMER_CYCLE = 10;
      |            ^~~~~~~~~~~
../Core/Src/input_reading.c:26:50: warning: array subscript has type 'char' [-Wchar-subscripts]
   26 |   debounceButtonBuffer2[i] =debounceButtonBuffer1[i];
      |                                                  ^
../Core/Src/input_reading.c:27:24: warning: array subscript has type 'char' [-Wchar-subscripts]
   27 |   debounceButtonBuffer1[i] = HAL_GPIO_ReadPin(BUTTON_1_GPIO_Port, BUTTON_1_Pin);
      |                        ^
../Core/Src/input_reading.c:28:27: warning: array subscript has type 'char' [-Wchar-subscripts]
   28 |   if(debounceButtonBuffer1[i] == debounceButtonBuffer2[i])
      |                           ^
../Core/Src/input_reading.c:28:55: warning: array subscript has type 'char' [-Wchar-subscripts]
   28 |   if(debounceButtonBuffer1[i] == debounceButtonBuffer2[i])
      |                                                       ^
../Core/Src/input_reading.c:29:16: warning: array subscript has type 'char' [-Wchar-subscripts]
   29 |    buttonBuffer[i] = debounceButtonBuffer1[i];
      |                ^
In file included from ../Core/Src/stm32f1xx_hal_msp.c:23:
../Core/Inc/main.h:57:12: warning: 'timer0_counter' initialized and declared 'extern'
   57 | extern int timer0_counter = 0;
      |            ^~~~~~~~~~~~~~
../Core/Src/input_reading.c:29:43: warning: array subscript has type 'char' [-Wchar-subscripts]
   29 |    buttonBuffer[i] = debounceButtonBuffer1[i];
      |                                           ^
../Core/Inc/main.h:58:12: warning: 'timer0_flag' initialized and declared 'extern'
   58 | extern int timer0_flag = 0;
      |            ^~~~~~~~~~~
../Core/Src/input_reading.c:28:3: warning: this 'if' clause does not guard... [-Wmisleading-indentation]
   28 |   if(debounceButtonBuffer1[i] == debounceButtonBuffer2[i])
      |   ^~
../Core/Src/input_reading.c:30:4: note: ...this statement, but the latter is misleadingly indented as if it were guarded by the 'if'
   30 |    if(buttonBuffer[i] == BUTTON_IS_PRESSED)
      |    ^~
../Core/Inc/main.h:59:12: warning: 'TIMER_CYCLE' initialized and declared 'extern'
   59 | extern int TIMER_CYCLE = 10;
      |            ^~~~~~~~~~~
../Core/Src/input_reading.c:30:19: warning: array subscript has type 'char' [-Wchar-subscripts]
   30 |    if(buttonBuffer[i] == BUTTON_IS_PRESSED)
      |                   ^
../Core/Src/input_reading.c:32:31: warning: array subscript has type 'char' [-Wchar-subscripts]
   32 |     if(counterForButtonPress1s[i] < DURATION_FOR_AUTO_INCREASING)
      |                               ^
../Core/Src/input_reading.c:34:29: warning: array subscript has type 'char' [-Wchar-subscripts]
   34 |      counterForButtonPress1s[i]++;
      |                             ^
../Core/Src/input_reading.c:38:26: warning: array subscript has type 'char' [-Wchar-subscripts]
   38 |      flagForButtonPress1s[i] = 1;
      |                          ^
../Core/Src/input_reading.c:44:28: warning: array subscript has type 'char' [-Wchar-subscripts]
   44 |     counterForButtonPress1s[i] = 0;
      |                            ^
../Core/Src/input_reading.c:45:25: warning: array subscript has type 'char' [-Wchar-subscripts]
   45 |     flagForButtonPress1s[i] = 0;
      |                         ^
In file included from ../Core/Src/stm32f1xx_it.c:22:
../Core/Inc/main.h:57:12: warning: 'timer0_counter' initialized and declared 'extern'
   57 | extern int timer0_counter = 0;
      |            ^~~~~~~~~~~~~~
../Core/Inc/main.h:58:12: warning: 'timer0_flag' initialized and declared 'extern'
   58 | extern int timer0_flag = 0;
      |            ^~~~~~~~~~~
../Core/Inc/main.h:59:12: warning: 'TIMER_CYCLE' initialized and declared 'extern'
   59 | extern int TIMER_CYCLE = 10;
      |            ^~~~~~~~~~~
In file included from ../Core/Src/timer.c:8:
../Core/Inc/main.h:57:12: warning: 'timer0_counter' initialized and declared 'extern'
   57 | extern int timer0_counter = 0;
      |            ^~~~~~~~~~~~~~
../Core/Inc/main.h:58:12: warning: 'timer0_flag' initialized and declared 'extern'
   58 | extern int timer0_flag = 0;
      |            ^~~~~~~~~~~
../Core/Inc/main.h:59:12: warning: 'TIMER_CYCLE' initialized and declared 'extern'
   59 | extern int TIMER_CYCLE = 10;
      |            ^~~~~~~~~~~
arm-none-eabi-gcc -o "lab3.elf" @"objects.list"   -mcpu=cortex-m3 -T"D:\251\vxl\gitlab3\code\lab3\STM32F103C6UX_FLASH.ld" --specs=nosys.specs -Wl,-Map="lab3.map" -Wl,--gc-sections -static --specs=nano.specs -mfloat-abi=soft -mthumb -Wl,--start-group -lc -lm -Wl,--end-group
d:\251\vxl\cube\stm32cubeide_1.7.0\stm32cubeide\plugins\com.st.stm32cube.ide.mcu.externaltools.gnu-tools-for-stm32.9-2020-q2-update.win32_2.0.0.202105311346\tools\arm-none-eabi\bin\ld.exe: ./Core/Src/input_reading.o:D:/251/vxl/gitlab3/code/lab3/Debug/../Core/Inc/main.h:57: multiple definition of `timer0_counter'; ./Core/Src/input_processing.o:D:/251/vxl/gitlab3/code/lab3/Debug/../Core/Inc/main.h:57: first defined here
d:\251\vxl\cube\stm32cubeide_1.7.0\stm32cubeide\plugins\com.st.stm32cube.ide.mcu.externaltools.gnu-tools-for-stm32.9-2020-q2-update.win32_2.0.0.202105311346\tools\arm-none-eabi\bin\ld.exe: ./Core/Src/input_reading.o:D:/251/vxl/gitlab3/code/lab3/Debug/../Core/Inc/main.h:58: multiple definition of `timer0_flag'; ./Core/Src/input_processing.o:D:/251/vxl/gitlab3/code/lab3/Debug/../Core/Inc/main.h:58: first defined here
d:\251\vxl\cube\stm32cubeide_1.7.0\stm32cubeide\plugins\com.st.stm32cube.ide.mcu.externaltools.gnu-tools-for-stm32.9-2020-q2-update.win32_2.0.0.202105311346\tools\arm-none-eabi\bin\ld.exe: ./Core/Src/input_reading.o:D:/251/vxl/gitlab3/code/lab3/Debug/../Core/Inc/main.h:59: multiple definition of `TIMER_CYCLE'; ./Core/Src/input_processing.o:D:/251/vxl/gitlab3/code/lab3/Debug/../Core/Inc/main.h:59: first defined here
d:\251\vxl\cube\stm32cubeide_1.7.0\stm32cubeide\plugins\com.st.stm32cube.ide.mcu.externaltools.gnu-tools-for-stm32.9-2020-q2-update.win32_2.0.0.202105311346\tools\arm-none-eabi\bin\ld.exe: ./Core/Src/main.o:D:/251/vxl/gitlab3/code/lab3/Debug/../Core/Inc/main.h:57: multiple definition of `timer0_counter'; ./Core/Src/input_processing.o:D:/251/vxl/gitlab3/code/lab3/Debug/../Core/Inc/main.h:57: first defined here
d:\251\vxl\cube\stm32cubeide_1.7.0\stm32cubeide\plugins\com.st.stm32cube.ide.mcu.externaltools.gnu-tools-for-stm32.9-2020-q2-update.win32_2.0.0.202105311346\tools\arm-none-eabi\bin\ld.exe: ./Core/Src/main.o:D:/251/vxl/gitlab3/code/lab3/Debug/../Core/Inc/main.h:58: multiple definition of `timer0_flag'; ./Core/Src/input_processing.o:D:/251/vxl/gitlab3/code/lab3/Debug/../Core/Inc/main.h:58: first defined here
d:\251\vxl\cube\stm32cubeide_1.7.0\stm32cubeide\plugins\com.st.stm32cube.ide.mcu.externaltools.gnu-tools-for-stm32.9-2020-q2-update.win32_2.0.0.202105311346\tools\arm-none-eabi\bin\ld.exe: ./Core/Src/main.o:D:/251/vxl/gitlab3/code/lab3/Debug/../Core/Inc/main.h:59: multiple definition of `TIMER_CYCLE'; ./Core/Src/input_processing.o:D:/251/vxl/gitlab3/code/lab3/Debug/../Core/Inc/main.h:59: first defined here
d:\251\vxl\cube\stm32cubeide_1.7.0\stm32cubeide\plugins\com.st.stm32cube.ide.mcu.externaltools.gnu-tools-for-stm32.9-2020-q2-update.win32_2.0.0.202105311346\tools\arm-none-eabi\bin\ld.exe: ./Core/Src/stm32f1xx_hal_msp.o:D:/251/vxl/gitlab3/code/lab3/Debug/../Core/Inc/main.h:57: multiple definition of `timer0_counter'; ./Core/Src/input_processing.o:D:/251/vxl/gitlab3/code/lab3/Debug/../Core/Inc/main.h:57: first defined here
d:\251\vxl\cube\stm32cubeide_1.7.0\stm32cubeide\plugins\com.st.stm32cube.ide.mcu.externaltools.gnu-tools-for-stm32.9-2020-q2-update.win32_2.0.0.202105311346\tools\arm-none-eabi\bin\ld.exe: ./Core/Src/stm32f1xx_hal_msp.o:D:/251/vxl/gitlab3/code/lab3/Debug/../Core/Inc/main.h:58: multiple definition of `timer0_flag'; ./Core/Src/input_processing.o:D:/251/vxl/gitlab3/code/lab3/Debug/../Core/Inc/main.h:58: first defined here
d:\251\vxl\cube\stm32cubeide_1.7.0\stm32cubeide\plugins\com.st.stm32cube.ide.mcu.externaltools.gnu-tools-for-stm32.9-2020-q2-update.win32_2.0.0.202105311346\tools\arm-none-eabi\bin\ld.exe: ./Core/Src/stm32f1xx_hal_msp.o:D:/251/vxl/gitlab3/code/lab3/Debug/../Core/Inc/main.h:59: multiple definition of `TIMER_CYCLE'; ./Core/Src/input_processing.o:D:/251/vxl/gitlab3/code/lab3/Debug/../Core/Inc/main.h:59: first defined here
d:\251\vxl\cube\stm32cubeide_1.7.0\stm32cubeide\plugins\com.st.stm32cube.ide.mcu.externaltools.gnu-tools-for-stm32.9-2020-q2-update.win32_2.0.0.202105311346\tools\arm-none-eabi\bin\ld.exe: ./Core/Src/stm32f1xx_it.o:D:/251/vxl/gitlab3/code/lab3/Debug/../Core/Inc/main.h:57: multiple definition of `timer0_counter'; ./Core/Src/input_processing.o:D:/251/vxl/gitlab3/code/lab3/Debug/../Core/Inc/main.h:57: first defined here
d:\251\vxl\cube\stm32cubeide_1.7.0\stm32cubeide\plugins\com.st.stm32cube.ide.mcu.externaltools.gnu-tools-for-stm32.9-2020-q2-update.win32_2.0.0.202105311346\tools\arm-none-eabi\bin\ld.exe: ./Core/Src/stm32f1xx_it.o:D:/251/vxl/gitlab3/code/lab3/Debug/../Core/Inc/main.h:58: multiple definition of `timer0_flag'; ./Core/Src/input_processing.o:D:/251/vxl/gitlab3/code/lab3/Debug/../Core/Inc/main.h:58: first defined here
d:\251\vxl\cube\stm32cubeide_1.7.0\stm32cubeide\plugins\com.st.stm32cube.ide.mcu.externaltools.gnu-tools-for-stm32.9-2020-q2-update.win32_2.0.0.202105311346\tools\arm-none-eabi\bin\ld.exe: ./Core/Src/stm32f1xx_it.o:D:/251/vxl/gitlab3/code/lab3/Debug/../Core/Inc/main.h:59: multiple definition of `TIMER_CYCLE'; ./Core/Src/input_processing.o:D:/251/vxl/gitlab3/code/lab3/Debug/../Core/Inc/main.h:59: first defined here
d:\251\vxl\cube\stm32cubeide_1.7.0\stm32cubeide\plugins\com.st.stm32cube.ide.mcu.externaltools.gnu-tools-for-stm32.9-2020-q2-update.win32_2.0.0.202105311346\tools\arm-none-eabi\bin\ld.exe: ./Core/Src/timer.o:D:/251/vxl/gitlab3/code/lab3/Debug/../Core/Inc/main.h:57: multiple definition of `timer0_counter'; ./Core/Src/input_processing.o:D:/251/vxl/gitlab3/code/lab3/Debug/../Core/Inc/main.h:57: first defined here
d:\251\vxl\cube\stm32cubeide_1.7.0\stm32cubeide\plugins\com.st.stm32cube.ide.mcu.externaltools.gnu-tools-for-stm32.9-2020-q2-update.win32_2.0.0.202105311346\tools\arm-none-eabi\bin\ld.exe: ./Core/Src/timer.o:D:/251/vxl/gitlab3/code/lab3/Debug/../Core/Inc/main.h:58: multiple definition of `timer0_flag'; ./Core/Src/input_processing.o:D:/251/vxl/gitlab3/code/lab3/Debug/../Core/Inc/main.h:58: first defined here
d:\251\vxl\cube\stm32cubeide_1.7.0\stm32cubeide\plugins\com.st.stm32cube.ide.mcu.externaltools.gnu-tools-for-stm32.9-2020-q2-update.win32_2.0.0.202105311346\tools\arm-none-eabi\bin\ld.exe: ./Core/Src/timer.o:D:/251/vxl/gitlab3/code/lab3/Debug/../Core/Inc/main.h:59: multiple definition of `TIMER_CYCLE'; ./Core/Src/input_processing.o:D:/251/vxl/gitlab3/code/lab3/Debug/../Core/Inc/main.h:59: first defined here
collect2.exe: error: ld returned 1 exit status
make: *** [makefile:68: lab3.elf] Error 1
"make -j12 all" terminated with exit code 2. Build might be incomplete.
09:24:26 **** Incremental Build of configuration Debug for project lab3 ****
make -j12 all 
arm-none-eabi-gcc "../Core/Src/input_processing.c" -mcpu=cortex-m3 -std=gnu11 -g3 -DDEBUG -DUSE_HAL_DRIVER -DSTM32F103x6 -c -I../Core/Inc -I../Drivers/STM32F1xx_HAL_Driver/Inc -I../Drivers/STM32F1xx_HAL_Driver/Inc/Legacy -I../Drivers/CMSIS/Device/ST/STM32F1xx/Include -I../Drivers/CMSIS/Include -O0 -ffunction-sections -fdata-sections -Wall -fstack-usage -MMD -MP -MF"Core/Src/input_processing.d" -MT"Core/Src/input_processing.o" --specs=nano.specs -mfloat-abi=soft -mthumb -o "Core/Src/input_processing.o"
arm-none-eabi-gcc "../Core/Src/input_reading.c" -mcpu=cortex-m3 -std=gnu11 -g3 -DDEBUG -DUSE_HAL_DRIVER -DSTM32F103x6 -c -I../Core/Inc -I../Drivers/STM32F1xx_HAL_Driver/Inc -I../Drivers/STM32F1xx_HAL_Driver/Inc/Legacy -I../Drivers/CMSIS/Device/ST/STM32F1xx/Include -I../Drivers/CMSIS/Include -O0 -ffunction-sections -fdata-sections -Wall -fstack-usage -MMD -MP -MF"Core/Src/input_reading.d" -MT"Core/Src/input_reading.o" --specs=nano.specs -mfloat-abi=soft -mthumb -o "Core/Src/input_reading.o"
arm-none-eabi-gcc "../Core/Src/main.c" -mcpu=cortex-m3 -std=gnu11 -g3 -DDEBUG -DUSE_HAL_DRIVER -DSTM32F103x6 -c -I../Core/Inc -I../Drivers/STM32F1xx_HAL_Driver/Inc -I../Drivers/STM32F1xx_HAL_Driver/Inc/Legacy -I../Drivers/CMSIS/Device/ST/STM32F1xx/Include -I../Drivers/CMSIS/Include -O0 -ffunction-sections -fdata-sections -Wall -fstack-usage -MMD -MP -MF"Core/Src/main.d" -MT"Core/Src/main.o" --specs=nano.specs -mfloat-abi=soft -mthumb -o "Core/Src/main.o"
arm-none-eabi-gcc "../Core/Src/stm32f1xx_hal_msp.c" -mcpu=cortex-m3 -std=gnu11 -g3 -DDEBUG -DUSE_HAL_DRIVER -DSTM32F103x6 -c -I../Core/Inc -I../Drivers/STM32F1xx_HAL_Driver/Inc -I../Drivers/STM32F1xx_HAL_Driver/Inc/Legacy -I../Drivers/CMSIS/Device/ST/STM32F1xx/Include -I../Drivers/CMSIS/Include -O0 -ffunction-sections -fdata-sections -Wall -fstack-usage -MMD -MP -MF"Core/Src/stm32f1xx_hal_msp.d" -MT"Core/Src/stm32f1xx_hal_msp.o" --specs=nano.specs -mfloat-abi=soft -mthumb -o "Core/Src/stm32f1xx_hal_msp.o"
arm-none-eabi-gcc "../Core/Src/stm32f1xx_it.c" -mcpu=cortex-m3 -std=gnu11 -g3 -DDEBUG -DUSE_HAL_DRIVER -DSTM32F103x6 -c -I../Core/Inc -I../Drivers/STM32F1xx_HAL_Driver/Inc -I../Drivers/STM32F1xx_HAL_Driver/Inc/Legacy -I../Drivers/CMSIS/Device/ST/STM32F1xx/Include -I../Drivers/CMSIS/Include -O0 -ffunction-sections -fdata-sections -Wall -fstack-usage -MMD -MP -MF"Core/Src/stm32f1xx_it.d" -MT"Core/Src/stm32f1xx_it.o" --specs=nano.specs -mfloat-abi=soft -mthumb -o "Core/Src/stm32f1xx_it.o"
arm-none-eabi-gcc "../Core/Src/timer.c" -mcpu=cortex-m3 -std=gnu11 -g3 -DDEBUG -DUSE_HAL_DRIVER -DSTM32F103x6 -c -I../Core/Inc -I../Drivers/STM32F1xx_HAL_Driver/Inc -I../Drivers/STM32F1xx_HAL_Driver/Inc/Legacy -I../Drivers/CMSIS/Device/ST/STM32F1xx/Include -I../Drivers/CMSIS/Include -O0 -ffunction-sections -fdata-sections -Wall -fstack-usage -MMD -MP -MF"Core/Src/timer.d" -MT"Core/Src/timer.o" --specs=nano.specs -mfloat-abi=soft -mthumb -o "Core/Src/timer.o"
../Core/Src/input_reading.c: In function 'button_reading':
../Core/Src/input_reading.c:26:24: warning: array subscript has type 'char' [-Wchar-subscripts]
   26 |   debounceButtonBuffer2[i] =debounceButtonBuffer1[i];
      |                        ^
../Core/Src/input_reading.c:26:50: warning: array subscript has type 'char' [-Wchar-subscripts]
   26 |   debounceButtonBuffer2[i] =debounceButtonBuffer1[i];
      |                                                  ^
../Core/Src/input_reading.c:27:24: warning: array subscript has type 'char' [-Wchar-subscripts]
   27 |   debounceButtonBuffer1[i] = HAL_GPIO_ReadPin(BUTTON_1_GPIO_Port, BUTTON_1_Pin);
      |                        ^
../Core/Src/input_reading.c:28:27: warning: array subscript has type 'char' [-Wchar-subscripts]
   28 |   if(debounceButtonBuffer1[i] == debounceButtonBuffer2[i])
      |                           ^
../Core/Src/input_reading.c:28:55: warning: array subscript has type 'char' [-Wchar-subscripts]
   28 |   if(debounceButtonBuffer1[i] == debounceButtonBuffer2[i])
      |                                                       ^
../Core/Src/input_reading.c:29:16: warning: array subscript has type 'char' [-Wchar-subscripts]
   29 |    buttonBuffer[i] = debounceButtonBuffer1[i];
      |                ^
../Core/Src/input_reading.c:29:43: warning: array subscript has type 'char' [-Wchar-subscripts]
   29 |    buttonBuffer[i] = debounceButtonBuffer1[i];
      |                                           ^
../Core/Src/input_reading.c:28:3: warning: this 'if' clause does not guard... [-Wmisleading-indentation]
   28 |   if(debounceButtonBuffer1[i] == debounceButtonBuffer2[i])
      |   ^~
../Core/Src/input_reading.c:30:4: note: ...this statement, but the latter is misleadingly indented as if it were guarded by the 'if'
   30 |    if(buttonBuffer[i] == BUTTON_IS_PRESSED)
      |    ^~
../Core/Src/input_reading.c:30:19: warning: array subscript has type 'char' [-Wchar-subscripts]
   30 |    if(buttonBuffer[i] == BUTTON_IS_PRESSED)
      |                   ^
../Core/Src/input_reading.c:32:31: warning: array subscript has type 'char' [-Wchar-subscripts]
   32 |     if(counterForButtonPress1s[i] < DURATION_FOR_AUTO_INCREASING)
      |                               ^
../Core/Src/input_reading.c:34:29: warning: array subscript has type 'char' [-Wchar-subscripts]
   34 |      counterForButtonPress1s[i]++;
      |                             ^
../Core/Src/input_reading.c:38:26: warning: array subscript has type 'char' [-Wchar-subscripts]
   38 |      flagForButtonPress1s[i] = 1;
      |                          ^
../Core/Src/input_reading.c:44:28: warning: array subscript has type 'char' [-Wchar-subscripts]
   44 |     counterForButtonPress1s[i] = 0;
      |                            ^
../Core/Src/input_reading.c:45:25: warning: array subscript has type 'char' [-Wchar-subscripts]
   45 |     flagForButtonPress1s[i] = 0;
      |                         ^
arm-none-eabi-gcc -o "lab3.elf" @"objects.list"   -mcpu=cortex-m3 -T"D:\251\vxl\gitlab3\code\lab3\STM32F103C6UX_FLASH.ld" --specs=nosys.specs -Wl,-Map="lab3.map" -Wl,--gc-sections -static --specs=nano.specs -mfloat-abi=soft -mthumb -Wl,--start-group -lc -lm -Wl,--end-group
Finished building target: lab3.elf
 
arm-none-eabi-size   lab3.elf 
arm-none-eabi-objdump -h -S  lab3.elf  > "lab3.list"
arm-none-eabi-objcopy  -O ihex  lab3.elf  "lab3.hex"
   text	   data	    bss	    dec	    hex	filename
   7356	     20	   1676	   9052	   235c	lab3.elf
arm-none-eabi-objcopy  -O binary  lab3.elf  "lab3.bin"
Finished building: default.size.stdout
 
Finished building: lab3.hex
Finished building: lab3.bin
 
 
Finished building: lab3.list
 
09:28:07 **** Incremental Build of configuration Debug for project lab3 ****
make -j12 all 
arm-none-eabi-gcc "../Core/Src/input_reading.c" -mcpu=cortex-m3 -std=gnu11 -g3 -DDEBUG -DUSE_HAL_DRIVER -DSTM32F103x6 -c -I../Core/Inc -I../Drivers/STM32F1xx_HAL_Driver/Inc -I../Drivers/STM32F1xx_HAL_Driver/Inc/Legacy -I../Drivers/CMSIS/Device/ST/STM32F1xx/Include -I../Drivers/CMSIS/Include -O0 -ffunction-sections -fdata-sections -Wall -fstack-usage -MMD -MP -MF"Core/Src/input_reading.d" -MT"Core/Src/input_reading.o" --specs=nano.specs -mfloat-abi=soft -mthumb -o "Core/Src/input_reading.o"
../Core/Src/input_reading.c: In function 'button_reading':
../Core/Src/input_reading.c:26:24: warning: array subscript has type 'char' [-Wchar-subscripts]
   26 |   debounceButtonBuffer2[i] =debounceButtonBuffer1[i];
      |                        ^
../Core/Src/input_reading.c:26:50: warning: array subscript has type 'char' [-Wchar-subscripts]
   26 |   debounceButtonBuffer2[i] =debounceButtonBuffer1[i];
      |                                                  ^
../Core/Src/input_reading.c:27:24: warning: array subscript has type 'char' [-Wchar-subscripts]
   27 |   debounceButtonBuffer1[i] = HAL_GPIO_ReadPin(BUTTON_1_GPIO_Port, BUTTON_1_Pin);
      |                        ^
../Core/Src/input_reading.c:29:27: warning: array subscript has type 'char' [-Wchar-subscripts]
   29 |   if(debounceButtonBuffer1[i] == debounceButtonBuffer2[i])
      |                           ^
../Core/Src/input_reading.c:29:55: warning: array subscript has type 'char' [-Wchar-subscripts]
   29 |   if(debounceButtonBuffer1[i] == debounceButtonBuffer2[i])
      |                                                       ^
../Core/Src/input_reading.c:31:16: warning: array subscript has type 'char' [-Wchar-subscripts]
   31 |    buttonBuffer[i] = debounceButtonBuffer1[i];
      |                ^
../Core/Src/input_reading.c:31:43: warning: array subscript has type 'char' [-Wchar-subscripts]
   31 |    buttonBuffer[i] = debounceButtonBuffer1[i];
      |                                           ^
../Core/Src/input_reading.c:33:18: warning: array subscript has type 'char' [-Wchar-subscripts]
   33 |   if(buttonBuffer[i] == BUTTON_IS_PRESSED)
      |                  ^
../Core/Src/input_reading.c:35:30: warning: array subscript has type 'char' [-Wchar-subscripts]
   35 |    if(counterForButtonPress1s[i] < DURATION_FOR_AUTO_INCREASING)
      |                              ^
../Core/Src/input_reading.c:37:28: warning: array subscript has type 'char' [-Wchar-subscripts]
   37 |     counterForButtonPress1s[i]++;
      |                            ^
../Core/Src/input_reading.c:41:25: warning: array subscript has type 'char' [-Wchar-subscripts]
   41 |     flagForButtonPress1s[i] = 1;
      |                         ^
../Core/Src/input_reading.c:47:27: warning: array subscript has type 'char' [-Wchar-subscripts]
[...]
Finished building target: lab3.elf
 
arm-none-eabi-size   lab3.elf 
arm-none-eabi-objdump -h -S  lab3.elf  > "lab3.list"
arm-none-eabi-objcopy  -O ihex  lab3.elf  "lab3.hex"
   text	   data	    bss	    dec	    hex	filename
  11964	     64	   1736	  13764	   35c4	lab3.elf
arm-none-eabi-objcopy  -O binary  lab3.elf  "lab3.bin"
Finished building: default.size.stdout
 
Finished building: lab3.hex
Finished building: lab3.bin
 
 
Finished building: lab3.list
 
16:45:03 **** Incremental Build of configuration Debug for project lab3 ****
make -j12 all 
arm-none-eabi-gcc "../Core/Src/main.c" -mcpu=cortex-m3 -std=gnu11 -g3 -DDEBUG -DUSE_HAL_DRIVER -DSTM32F103x6 -c -I../Core/Inc -I../Drivers/STM32F1xx_HAL_Driver/Inc -I../Drivers/STM32F1xx_HAL_Driver/Inc/Legacy -I../Drivers/CMSIS/Device/ST/STM32F1xx/Include -I../Drivers/CMSIS/Include -O0 -ffunction-sections -fdata-sections -Wall -fstack-usage -MMD -MP -MF"Core/Src/main.d" -MT"Core/Src/main.o" --specs=nano.specs -mfloat-abi=soft -mthumb -o "Core/Src/main.o"
arm-none-eabi-gcc -o "lab3.elf" @"objects.list"   -mcpu=cortex-m3 -T"D:\251\vxl\gitlab3\code\lab3\STM32F103C6UX_FLASH.ld" --specs=nosys.specs -Wl,-Map="lab3.map" -Wl,--gc-sections -static --specs=nano.specs -mfloat-abi=soft -mthumb -Wl,--start-group -lc -lm -Wl,--end-group
Finished building target: lab3.elf
 
arm-none-eabi-size   lab3.elf 
arm-none-eabi-objdump -h -S  lab3.elf  > "lab3.list"
arm-none-eabi-objcopy  -O ihex  lab3.elf  "lab3.hex"
   text	   data	    bss	    dec	    hex	filename
  11964	     64	   1736	  13764	   35c4	lab3.elf
arm-none-eabi-objcopy  -O binary  lab3.elf  "lab3.bin"
Finished building: default.size.stdout
 
Finished building: lab3.hex
Finished building: lab3.bin
 
 
Finished building: lab3.list
 
16:47:41 **** Incremental Build of configuration Debug for project lab3 ****
make -j12 all 
arm-none-eabi-gcc "../Core/Src/main.c" -mcpu=cortex-m3 -std=gnu11 -g3 -DDEBUG -DUSE_HAL_DRIVER -DSTM32F103x6 -c -I../Core/Inc -I../Drivers/STM32F1xx_HAL_Driver/Inc -I../Drivers/STM32F1xx_HAL_Driver/Inc/Legacy -I../Drivers/CMSIS/Device/ST/STM32F1xx/Include -I../Drivers/CMSIS/Include -O0 -ffunction-sections -fdata-sections -Wall -fstack-usage -MMD -MP -MF"Core/Src/main.d" -MT"Core/Src/main.o" --specs=nano.specs -mfloat-abi=soft -mthumb -o "Core/Src/main.o"
../Core/Src/main.c: In function 'main':
../Core/Src/main.c:427:10: warning: suggest parentheses around assignment used as truth value [-Wparentheses]
  427 |      if (cooldown1 = redTime + yellowTime)
      |          ^~~~~~~~~
../Core/Src/main.c:434:10: warning: suggest parentheses around assignment used as truth value [-Wparentheses]
  434 |      if (cooldown2 = greenTime + yellowTime)
      |          ^~~~~~~~~
../Core/Src/main.c:441:10: warning: suggest parentheses around assignment used as truth value [-Wparentheses]
  441 |      if (cooldown1 = redTime)
      |          ^~~~~~~~~
../Core/Src/main.c:448:10: warning: suggest parentheses around assignment used as truth value [-Wparentheses]
  448 |      if (cooldown2 = yellowTime)
      |          ^~~~~~~~~
../Core/Src/main.c:455:10: warning: suggest parentheses around assignment used as truth value [-Wparentheses]
  455 |      if (cooldown1 = 0)
      |          ^~~~~~~~~
../Core/Src/main.c:463:10: warning: suggest parentheses around assignment used as truth value [-Wparentheses]
  463 |      if (cooldown2 = 0)
      |          ^~~~~~~~~
arm-none-eabi-gcc -o "lab3.elf" @"objects.list"   -mcpu=cortex-m3 -T"D:\251\vxl\gitlab3\code\lab3\STM32F103C6UX_FLASH.ld" --specs=nosys.specs -Wl,-Map="lab3.map" -Wl,--gc-sections -static --specs=nano.specs -mfloat-abi=soft -mthumb -Wl,--start-group -lc -lm -Wl,--end-group
Finished building target: lab3.elf
 
arm-none-eabi-size   lab3.elf 
arm-none-eabi-objdump -h -S  lab3.elf  > "lab3.list"
arm-none-eabi-objcopy  -O ihex  lab3.elf  "lab3.hex"
   text	   data	    bss	    dec	    hex	filename
  11992	     64	   1736	  13792	   35e0	lab3.elf
arm-none-eabi-objcopy  -O binary  lab3.elf  "lab3.bin"
Finished building: default.size.stdout
 
Finished building: lab3.hex
Finished building: lab3.bin
 
 
Finished building: lab3.list
 
16:48:04 **** Incremental Build of configuration Debug for project lab3 ****
make -j12 all 
arm-none-eabi-gcc "../Core/Src/main.c" -mcpu=cortex-m3 -std=gnu11 -g3 -DDEBUG -DUSE_HAL_DRIVER -DSTM32F103x6 -c -I../Core/Inc -I../Drivers/STM32F1xx_HAL_Driver/Inc -I../Drivers/STM32F1xx_HAL_Driver/Inc/Legacy -I../Drivers/CMSIS/Device/ST/STM32F1xx/Include -I../Drivers/CMSIS/Include -O0 -ffunction-sections -fdata-sections -Wall -fstack-usage -MMD -MP -MF"Core/Src/main.d" -MT"Core/Src/main.o" --specs=nano.specs -mfloat-abi=soft -mthumb -o "Core/Src/main.o"
arm-none-eabi-gcc -o "lab3.elf" @"objects.list"   -mcpu=cortex-m3 -T"D:\251\vxl\gitlab3\code\lab3\STM32F103C6UX_FLASH.ld" --specs=nosys.specs -Wl,-Map="lab3.map" -Wl,--gc-sections -static --specs=nano.specs -mfloat-abi=soft -mthumb -Wl,--start-group -lc -lm -Wl,--end-group
Finished building target: lab3.elf
 
arm-none-eabi-size   lab3.elf 
arm-none-eabi-objdump -h -S  lab3.elf  > "lab3.list"
arm-none-eabi-objcopy  -O ihex  lab3.elf  "lab3.hex"
   text	   data	    bss	    dec	    hex	filename
  11964	     64	   1736	  13764	   35c4	lab3.elf
arm-none-eabi-objcopy  -O binary  lab3.elf  "lab3.bin"
Finished building: default.size.stdout
 
Finished building: lab3.hex
Finished building: lab3.bin
 
 
Finished building: lab3.list
 
16:52:18 **** Incremental Build of configuration Debug for project lab3 ****
make -j12 all 
arm-none-eabi-gcc "../Core/Src/input_processing.c" -mcpu=cortex-m3 -std=gnu11 -g3 -DDEBUG -DUSE_HAL_DRIVER -DSTM32F103x6 -c -I../Core/Inc -I../Drivers/STM32F1xx_HAL_Driver/Inc -I../Drivers/STM32F1xx_HAL_Driver/Inc/Legacy -I../Drivers/CMSIS/Device/ST/STM32F1xx/Include -I../Drivers/CMSIS/Include -O0 -ffunction-sections -fdata-sections -Wall -fstack-usage -MMD -MP -MF"Core/Src/input_processing.d" -MT"Core/Src/input_processing.o" --specs=nano.specs -mfloat-abi=soft -mthumb -o "Core/Src/input_processing.o"
arm-none-eabi-gcc "../Core/Src/input_reading.c" -mcpu=cortex-m3 -std=gnu11 -g3 -DDEBUG -DUSE_HAL_DRIVER -DSTM32F103x6 -c -I../Core/Inc -I../Drivers/STM32F1xx_HAL_Driver/Inc -I../Drivers/STM32F1xx_HAL_Driver/Inc/Legacy -I../Drivers/CMSIS/Device/ST/STM32F1xx/Include -I../Drivers/CMSIS/Include -O0 -ffunction-sections -fdata-sections -Wall -fstack-usage -MMD -MP -MF"Core/Src/input_reading.d" -MT"Core/Src/input_reading.o" --specs=nano.specs -mfloat-abi=soft -mthumb -o "Core/Src/input_reading.o"
arm-none-eabi-gcc "../Core/Src/main.c" -mcpu=cortex-m3 -std=gnu11 -g3 -DDEBUG -DUSE_HAL_DRIVER -DSTM32F103x6 -c -I../Core/Inc -I../Drivers/STM32F1xx_HAL_Driver/Inc -I../Drivers/STM32F1xx_HAL_Driver/Inc/Legacy -I../Drivers/CMSIS/Device/ST/STM32F1xx/Include -I../Drivers/CMSIS/Include -O0 -ffunction-sections -fdata-sections -Wall -fstack-usage -MMD -MP -MF"Core/Src/main.d" -MT"Core/Src/main.o" --specs=nano.specs -mfloat-abi=soft -mthumb -o "Core/Src/main.o"
arm-none-eabi-gcc "../Core/Src/stm32f1xx_hal_msp.c" -mcpu=cortex-m3 -std=gnu11 -g3 -DDEBUG -DUSE_HAL_DRIVER -DSTM32F103x6 -c -I../Core/Inc -I../Drivers/STM32F1xx_HAL_Driver/Inc -I../Drivers/STM32F1xx_HAL_Driver/Inc/Legacy -I../Drivers/CMSIS/Device/ST/STM32F1xx/Include -I../Drivers/CMSIS/Include -O0 -ffunction-sections -fdata-sections -Wall -fstack-usage -MMD -MP -MF"Core/Src/stm32f1xx_hal_msp.d" -MT"Core/Src/stm32f1xx_hal_msp.o" --specs=nano.specs -mfloat-abi=soft -mthumb -o "Core/Src/stm32f1xx_hal_msp.o"
arm-none-eabi-gcc "../Core/Src/stm32f1xx_it.c" -mcpu=cortex-m3 -std=gnu11 -g3 -DDEBUG -DUSE_HAL_DRIVER -DSTM32F103x6 -c -I../Core/Inc -I../Drivers/STM32F1xx_HAL_Driver/Inc -I../Drivers/STM32F1xx_HAL_Driver/Inc/Legacy -I../Drivers/CMSIS/Device/ST/STM32F1xx/Include -I../Drivers/CMSIS/Include -O0 -ffunction-sections -fdata-sections -Wall -fstack-usage -MMD -MP -MF"Core/Src/stm32f1xx_it.d" -MT"Core/Src/stm32f1xx_it.o" --specs=nano.specs -mfloat-abi=soft -mthumb -o "Core/Src/stm32f1xx_it.o"
arm-none-eabi-gcc "../Core/Src/timer.c" -mcpu=cortex-m3 -std=gnu11 -g3 -DDEBUG -DUSE_HAL_DRIVER -DSTM32F103x6 -c -I../Core/Inc -I../Drivers/STM32F1xx_HAL_Driver/Inc -I../Drivers/STM32F1xx_HAL_Driver/Inc/Legacy -I../Drivers/CMSIS/Device/ST/STM32F1xx/Include -I../Drivers/CMSIS/Include -O0 -ffunction-sections -fdata-sections -Wall -fstack-usage -MMD -MP -MF"Core/Src/timer.d" -MT"Core/Src/timer.o" --specs=nano.specs -mfloat-abi=soft -mthumb -o "Core/Src/timer.o"
arm-none-eabi-gcc -o "lab3.elf" @"objects.list"   -mcpu=cortex-m3 -T"D:\251\vxl\gitlab3\code\lab3\STM32F103C6UX_FLASH.ld" --specs=nosys.specs -Wl,-Map="lab3.map" -Wl,--gc-sections -static --specs=nano.specs -mfloat-abi=soft -mthumb -Wl,--start-group -lc -lm -Wl,--end-group
Finished building target: lab3.elf
 
arm-none-eabi-size   lab3.elf 
arm-none-eabi-objdump -h -S  lab3.elf  > "lab3.list"
arm-none-eabi-objcopy  -O ihex  lab3.elf  "lab3.hex"
   text	   data	    bss	    dec	    hex	filename
  12056	     64	   1744	  13864	   3628	lab3.elf
arm-none-eabi-objcopy  -O binary  lab3.elf  "lab3.bin"
Finished building: default.size.stdout
 
Finished building: lab3.hex
Finished building: lab3.bin
 
 
Finished building: lab3.list
 
16:58:55 **** Incremental Build of configuration Debug for project lab3 ****
make -j12 all 
arm-none-eabi-gcc "../Core/Src/input_processing.c" -mcpu=cortex-m3 -std=gnu11 -g3 -DDEBUG -DUSE_HAL_DRIVER -DSTM32F103x6 -c -I../Core/Inc -I../Drivers/STM32F1xx_HAL_Driver/Inc -I../Drivers/STM32F1xx_HAL_Driver/Inc/Legacy -I../Drivers/CMSIS/Device/ST/STM32F1xx/Include -I../Drivers/CMSIS/Include -O0 -ffunction-sections -fdata-sections -Wall -fstack-usage -MMD -MP -MF"Core/Src/input_processing.d" -MT"Core/Src/input_processing.o" --specs=nano.specs -mfloat-abi=soft -mthumb -o "Core/Src/input_processing.o"
arm-none-eabi-gcc -o "lab3.elf" @"objects.list"   -mcpu=cortex-m3 -T"D:\251\vxl\gitlab3\code\lab3\STM32F103C6UX_FLASH.ld" --specs=nosys.specs -Wl,-Map="lab3.map" -Wl,--gc-sections -static --specs=nano.specs -mfloat-abi=soft -mthumb -Wl,--start-group -lc -lm -Wl,--end-group
Finished building target: lab3.elf
 
arm-none-eabi-size   lab3.elf 
arm-none-eabi-objdump -h -S  lab3.elf  > "lab3.list"
arm-none-eabi-objcopy  -O ihex  lab3.elf  "lab3.hex"
   text	   data	    bss	    dec	    hex	filename
  12056	     64	   1744	  13864	   3628	lab3.elf
arm-none-eabi-objcopy  -O binary  lab3.elf  "lab3.bin"
Finished building: default.size.stdout
 
Finished building: lab3.hex
Finished building: lab3.bin
 
 
Finished building: lab3.list
 
17:00:51 **** Incremental Build of configuration Debug for project lab3 ****
make -j12 all 
arm-none-eabi-gcc "../Core/Src/main.c" -mcpu=cortex-m3 -std=gnu11 -g3 -DDEBUG -DUSE_HAL_DRIVER -DSTM32F103x6 -c -I../Core/Inc -I../Drivers/STM32F1xx_HAL_Driver/Inc -I../Drivers/STM32F1xx_HAL_Driver/Inc/Legacy -I../Drivers/CMSIS/Device/ST/STM32F1xx/Include -I../Drivers/CMSIS/Include -O0 -ffunction-sections -fdata-sections -Wall -fstack-usage -MMD -MP -MF"Core/Src/main.d" -MT"Core/Src/main.o" --specs=nano.specs -mfloat-abi=soft -mthumb -o "Core/Src/main.o"
arm-none-eabi-gcc -o "lab3.elf" @"objects.list"   -mcpu=cortex-m3 -T"D:\251\vxl\gitlab3\code\lab3\STM32F103C6UX_FLASH.ld" --specs=nosys.specs -Wl,-Map="lab3.map" -Wl,--gc-sections -static --specs=nano.specs -mfloat-abi=soft -mthumb -Wl,--start-group -lc -lm -Wl,--end-group
Finished building target: lab3.elf
 
arm-none-eabi-size   lab3.elf 
arm-none-eabi-objdump -h -S  lab3.elf  > "lab3.list"
arm-none-eabi-objcopy  -O ihex  lab3.elf  "lab3.hex"
   text	   data	    bss	    dec	    hex	filename
  12056	     64	   1744	  13864	   3628	lab3.elf
arm-none-eabi-objcopy  -O binary  lab3.elf  "lab3.bin"
Finished building: default.size.stdout
 
Finished building: lab3.hex
Finished building: lab3.bin
 
 
Finished building: lab3.list
 
17:03:46 **** Incremental Build of configuration Debug for project lab3 ****
make -j12 all 
arm-none-eabi-gcc "../Core/Src/main.c" -mcpu=cortex-m3 -std=gnu11 -g3 -DDEBUG -DUSE_HAL_DRIVER -DSTM32F103x6 -c -I../Core/Inc -I../Drivers/STM32F1xx_HAL_Driver/Inc -I../Drivers/STM32F1xx_HAL_Driver/Inc/Legacy -I../Drivers/CMSIS/Device/ST/STM32F1xx/Include -I../Drivers/CMSIS/Include -O0 -ffunction-sections -fdata-sections -Wall -fstack-usage -MMD -MP -MF"Core/Src/main.d" -MT"Core/Src/main.o" --specs=nano.specs -mfloat-abi=soft -mthumb -o "Core/Src/main.o"
arm-none-eabi-gcc -o "lab3.elf" @"objects.list"   -mcpu=cortex-m3 -T"D:\251\vxl\gitlab3\code\lab3\STM32F103C6UX_FLASH.ld" --specs=nosys.specs -Wl,-Map="lab3.map" -Wl,--gc-sections -static --specs=nano.specs -mfloat-abi=soft -mthumb -Wl,--start-group -lc -lm -Wl,--end-group
Finished building target: lab3.elf
 
arm-none-eabi-size   lab3.elf 
arm-none-eabi-objdump -h -S  lab3.elf  > "lab3.list"
arm-none-eabi-objcopy  -O ihex  lab3.elf  "lab3.hex"
   text	   data	    bss	    dec	    hex	filename
  12100	     64	   1744	  13908	   3654	lab3.elf
arm-none-eabi-objcopy  -O binary  lab3.elf  "lab3.bin"
Finished building: default.size.stdout
 
Finished building: lab3.hex
Finished building: lab3.bin
 
 
Finished building: lab3.list
 
17:04:41 **** Incremental Build of configuration Debug for project lab3 ****
make -j12 all 
arm-none-eabi-gcc "../Core/Src/input_processing.c" -mcpu=cortex-m3 -std=gnu11 -g3 -DDEBUG -DUSE_HAL_DRIVER -DSTM32F103x6 -c -I../Core/Inc -I../Drivers/STM32F1xx_HAL_Driver/Inc -I../Drivers/STM32F1xx_HAL_Driver/Inc/Legacy -I../Drivers/CMSIS/Device/ST/STM32F1xx/Include -I../Drivers/CMSIS/Include -O0 -ffunction-sections -fdata-sections -Wall -fstack-usage -MMD -MP -MF"Core/Src/input_processing.d" -MT"Core/Src/input_processing.o" --specs=nano.specs -mfloat-abi=soft -mthumb -o "Core/Src/input_processing.o"
arm-none-eabi-gcc "../Core/Src/main.c" -mcpu=cortex-m3 -std=gnu11 -g3 -DDEBUG -DUSE_HAL_DRIVER -DSTM32F103x6 -c -I../Core/Inc -I../Drivers/STM32F1xx_HAL_Driver/Inc -I../Drivers/STM32F1xx_HAL_Driver/Inc/Legacy -I../Drivers/CMSIS/Device/ST/STM32F1xx/Include -I../Drivers/CMSIS/Include -O0 -ffunction-sections -fdata-sections -Wall -fstack-usage -MMD -MP -MF"Core/Src/main.d" -MT"Core/Src/main.o" --specs=nano.specs -mfloat-abi=soft -mthumb -o "Core/Src/main.o"
arm-none-eabi-gcc -o "lab3.elf" @"objects.list"   -mcpu=cortex-m3 -T"D:\251\vxl\gitlab3\code\lab3\STM32F103C6UX_FLASH.ld" --specs=nosys.specs -Wl,-Map="lab3.map" -Wl,--gc-sections -static --specs=nano.specs -mfloat-abi=soft -mthumb -Wl,--start-group -lc -lm -Wl,--end-group
Finished building target: lab3.elf
 
arm-none-eabi-size   lab3.elf 
arm-none-eabi-objdump -h -S  lab3.elf  > "lab3.list"
arm-none-eabi-objcopy  -O ihex  lab3.elf  "lab3.hex"
   text	   data	    bss	    dec	    hex	filename
  12056	     64	   1744	  13864	   3628	lab3.elf
arm-none-eabi-objcopy  -O binary  lab3.elf  "lab3.bin"
Finished building: default.size.stdout
 
Finished building: lab3.hex
Finished building: lab3.bin
 
 
Finished building: lab3.list
 
17:09:14 **** Incremental Build of configuration Debug for project lab3 ****
make -j12 all 
arm-none-eabi-gcc "../Core/Src/main.c" -mcpu=cortex-m3 -std=gnu11 -g3 -DDEBUG -DUSE_HAL_DRIVER -DSTM32F103x6 -c -I../Core/Inc -I../Drivers/STM32F1xx_HAL_Driver/Inc -I../Drivers/STM32F1xx_HAL_Driver/Inc/Legacy -I../Drivers/CMSIS/Device/ST/STM32F1xx/Include -I../Drivers/CMSIS/Include -O0 -ffunction-sections -fdata-sections -Wall -fstack-usage -MMD -MP -MF"Core/Src/main.d" -MT"Core/Src/main.o" --specs=nano.specs -mfloat-abi=soft -mthumb -o "Core/Src/main.o"
arm-none-eabi-gcc -o "lab3.elf" @"objects.list"   -mcpu=cortex-m3 -T"D:\251\vxl\gitlab3\code\lab3\STM32F103C6UX_FLASH.ld" --specs=nosys.specs -Wl,-Map="lab3.map" -Wl,--gc-sections -static --specs=nano.specs -mfloat-abi=soft -mthumb -Wl,--start-group -lc -lm -Wl,--end-group
Finished building target: lab3.elf
 
arm-none-eabi-size   lab3.elf 
arm-none-eabi-objdump -h -S  lab3.elf  > "lab3.list"
arm-none-eabi-objcopy  -O ihex  lab3.elf  "lab3.hex"
   text	   data	    bss	    dec	    hex	filename
  12252	     64	   1744	  14060	   36ec	lab3.elf
arm-none-eabi-objcopy  -O binary  lab3.elf  "lab3.bin"
Finished building: default.size.stdout
 
Finished building: lab3.list
 
Finished building: lab3.bin
 
Finished building: lab3.hex
 
17:11:06 **** Incremental Build of configuration Debug for project lab3 ****
make -j12 all 
arm-none-eabi-gcc "../Core/Src/main.c" -mcpu=cortex-m3 -std=gnu11 -g3 -DDEBUG -DUSE_HAL_DRIVER -DSTM32F103x6 -c -I../Core/Inc -I../Drivers/STM32F1xx_HAL_Driver/Inc -I../Drivers/STM32F1xx_HAL_Driver/Inc/Legacy -I../Drivers/CMSIS/Device/ST/STM32F1xx/Include -I../Drivers/CMSIS/Include -O0 -ffunction-sections -fdata-sections -Wall -fstack-usage -MMD -MP -MF"Core/Src/main.d" -MT"Core/Src/main.o" --specs=nano.specs -mfloat-abi=soft -mthumb -o "Core/Src/main.o"
arm-none-eabi-gcc -o "lab3.elf" @"objects.list"   -mcpu=cortex-m3 -T"D:\251\vxl\gitlab3\code\lab3\STM32F103C6UX_FLASH.ld" --specs=nosys.specs -Wl,-Map="lab3.map" -Wl,--gc-sections -static --specs=nano.specs -mfloat-abi=soft -mthumb -Wl,--start-group -lc -lm -Wl,--end-group
Finished building target: lab3.elf
 
arm-none-eabi-size   lab3.elf 
arm-none-eabi-objdump -h -S  lab3.elf  > "lab3.list"
arm-none-eabi-objcopy  -O ihex  lab3.elf  "lab3.hex"
   text	   data	    bss	    dec	    hex	filename
  12252	     64	   1744	  14060	   36ec	lab3.elf
arm-none-eabi-objcopy  -O binary  lab3.elf  "lab3.bin"
Finished building: default.size.stdout
 
Finished building: lab3.hex
Finished building: lab3.bin
 
 
Finished building: lab3.list
 
17:11:57 **** Incremental Build of configuration Debug for project lab3 ****
make -j12 all 
arm-none-eabi-gcc "../Core/Src/main.c" -mcpu=cortex-m3 -std=gnu11 -g3 -DDEBUG -DUSE_HAL_DRIVER -DSTM32F103x6 -c -I../Core/Inc -I../Drivers/STM32F1xx_HAL_Driver/Inc -I../Drivers/STM32F1xx_HAL_Driver/Inc/Legacy -I../Drivers/CMSIS/Device/ST/STM32F1xx/Include -I../Drivers/CMSIS/Include -O0 -ffunction-sections -fdata-sections -Wall -fstack-usage -MMD -MP -MF"Core/Src/main.d" -MT"Core/Src/main.o" --specs=nano.specs -mfloat-abi=soft -mthumb -o "Core/Src/main.o"
arm-none-eabi-gcc -o "lab3.elf" @"objects.list"   -mcpu=cortex-m3 -T"D:\251\vxl\gitlab3\code\lab3\STM32F103C6UX_FLASH.ld" --specs=nosys.specs -Wl,-Map="lab3.map" -Wl,--gc-sections -static --specs=nano.specs -mfloat-abi=soft -mthumb -Wl,--start-group -lc -lm -Wl,--end-group
Finished building target: lab3.elf
 
arm-none-eabi-size   lab3.elf 
arm-none-eabi-objdump -h -S  lab3.elf  > "lab3.list"
arm-none-eabi-objcopy  -O ihex  lab3.elf  "lab3.hex"
   text	   data	    bss	    dec	    hex	filename
  12252	     64	   1744	  14060	   36ec	lab3.elf
arm-none-eabi-objcopy  -O binary  lab3.elf  "lab3.bin"
Finished building: default.size.stdout
 
Finished building: lab3.hex
Finished building: lab3.bin
 
 
Finished building: lab3.list
 
17:12:24 **** Incremental Build of configuration Debug for project lab3 ****
make -j12 all 
arm-none-eabi-gcc "../Core/Src/main.c" -mcpu=cortex-m3 -std=gnu11 -g3 -DDEBUG -DUSE_HAL_DRIVER -DSTM32F103x6 -c -I../Core/Inc -I../Drivers/STM32F1xx_HAL_Driver/Inc -I../Drivers/STM32F1xx_HAL_Driver/Inc/Legacy -I../Drivers/CMSIS/Device/ST/STM32F1xx/Include -I../Drivers/CMSIS/Include -O0 -ffunction-sections -fdata-sections -Wall -fstack-usage -MMD -MP -MF"Core/Src/main.d" -MT"Core/Src/main.o" --specs=nano.specs -mfloat-abi=soft -mthumb -o "Core/Src/main.o"
arm-none-eabi-gcc -o "lab3.elf" @"objects.list"   -mcpu=cortex-m3 -T"D:\251\vxl\gitlab3\code\lab3\STM32F103C6UX_FLASH.ld" --specs=nosys.specs -Wl,-Map="lab3.map" -Wl,--gc-sections -static --specs=nano.specs -mfloat-abi=soft -mthumb -Wl,--start-group -lc -lm -Wl,--end-group
Finished building target: lab3.elf
 
arm-none-eabi-size   lab3.elf 
arm-none-eabi-objdump -h -S  lab3.elf  > "lab3.list"
arm-none-eabi-objcopy  -O ihex  lab3.elf  "lab3.hex"
   text	   data	    bss	    dec	    hex	filename
  12244	     64	   1744	  14052	   36e4	lab3.elf
arm-none-eabi-objcopy  -O binary  lab3.elf  "lab3.bin"
Finished building: default.size.stdout
 
Finished building: lab3.hex
Finished building: lab3.bin
 
 
Finished building: lab3.list
 
