main.c:73:6:displayWhichSEG1	16	static
main.c:90:6:displayWhichSEG2	16	static
main.c:107:6:offLED	8	static
main.c:117:6:displayWhatSEG1	16	static
main.c:123:6:displayWhatSEG2	16	static
main.c:129:6:displaySEG1	16	static
main.c:254:6:displaySEG2	16	static
main.c:379:6:Task_Input_Handler	8	static
main.c:396:5:main	8	static
main.c:459:6:SystemClock_Config	72	static
main.c:495:13:MX_TIM2_Init	32	static
main.c:540:13:MX_GPIO_Init	32	static
main.c:592:6:HAL_TIM_PeriodElapsedCallback	16	static
main.c:605:6:Error_Handler	4	static,ignoring_inline_asm
